Archive member included to satisfy reference by file (symbol)

/Applications/microchip/xc32/v3.01/bin/bin/../../lib/gcc/pic32c/8.3.1/../../../../pic32c/lib/thumb/v6-m/nofp/libpic32c.a(data_init.o)
                              build/pic32cm_mc00_cnano/production/_ext/612344269/startup_xc32.o (__pic32c_data_initialization)
/Applications/microchip/xc32/v3.01/bin/bin/../../lib/gcc/pic32c/8.3.1/thumb/v6-m/nofp/libgcc.a(_udivsi3.o)
                              build/pic32cm_mc00_cnano/production/_ext/1087025796/plib_sercom0_i2c_master.o (__aeabi_uidiv)
/Applications/microchip/xc32/v3.01/bin/bin/../../lib/gcc/pic32c/8.3.1/thumb/v6-m/nofp/libgcc.a(_dvmd_tls.o)
                              /Applications/microchip/xc32/v3.01/bin/bin/../../lib/gcc/pic32c/8.3.1/thumb/v6-m/nofp/libgcc.a(_udivsi3.o) (__aeabi_idiv0)
/Applications/microchip/xc32/v3.01/bin/bin/../../lib/gcc/pic32c/8.3.1/thumb/v6-m/nofp/libgcc.a(_arm_cmpdf2.o)
                              build/pic32cm_mc00_cnano/production/_ext/1360937237/main.o (__aeabi_dcmple)
/Applications/microchip/xc32/v3.01/bin/bin/../../lib/gcc/pic32c/8.3.1/thumb/v6-m/nofp/libgcc.a(_aeabi_uldivmod.o)
                              build/pic32cm_mc00_cnano/production/_ext/1914244104/plib_sercom1_usart.o (__aeabi_uldivmod)
/Applications/microchip/xc32/v3.01/bin/bin/../../lib/gcc/pic32c/8.3.1/thumb/v6-m/nofp/libgcc.a(_fixunssfsi.o)
                              build/pic32cm_mc00_cnano/production/_ext/1087025796/plib_sercom0_i2c_master.o (__aeabi_f2uiz)
/Applications/microchip/xc32/v3.01/bin/bin/../../lib/gcc/pic32c/8.3.1/thumb/v6-m/nofp/libgcc.a(_udivmoddi4.o)
                              /Applications/microchip/xc32/v3.01/bin/bin/../../lib/gcc/pic32c/8.3.1/thumb/v6-m/nofp/libgcc.a(_aeabi_uldivmod.o) (__udivmoddi4)
/Applications/microchip/xc32/v3.01/bin/bin/../../lib/gcc/pic32c/8.3.1/thumb/v6-m/nofp/libgcc.a(addsf3.o)
                              build/pic32cm_mc00_cnano/production/_ext/1087025796/plib_sercom0_i2c_master.o (__aeabi_fadd)
/Applications/microchip/xc32/v3.01/bin/bin/../../lib/gcc/pic32c/8.3.1/thumb/v6-m/nofp/libgcc.a(divsf3.o)
                              build/pic32cm_mc00_cnano/production/_ext/1087025796/plib_sercom0_i2c_master.o (__aeabi_fdiv)
/Applications/microchip/xc32/v3.01/bin/bin/../../lib/gcc/pic32c/8.3.1/thumb/v6-m/nofp/libgcc.a(mulsf3.o)
                              build/pic32cm_mc00_cnano/production/_ext/1087025796/plib_sercom0_i2c_master.o (__aeabi_fmul)
/Applications/microchip/xc32/v3.01/bin/bin/../../lib/gcc/pic32c/8.3.1/thumb/v6-m/nofp/libgcc.a(subsf3.o)
                              build/pic32cm_mc00_cnano/production/_ext/1087025796/plib_sercom0_i2c_master.o (__aeabi_fsub)
/Applications/microchip/xc32/v3.01/bin/bin/../../lib/gcc/pic32c/8.3.1/thumb/v6-m/nofp/libgcc.a(fixsfsi.o)
                              /Applications/microchip/xc32/v3.01/bin/bin/../../lib/gcc/pic32c/8.3.1/thumb/v6-m/nofp/libgcc.a(_fixunssfsi.o) (__aeabi_f2iz)
/Applications/microchip/xc32/v3.01/bin/bin/../../lib/gcc/pic32c/8.3.1/thumb/v6-m/nofp/libgcc.a(floatunsisf.o)
                              build/pic32cm_mc00_cnano/production/_ext/1087025796/plib_sercom0_i2c_master.o (__aeabi_ui2f)
/Applications/microchip/xc32/v3.01/bin/bin/../../lib/gcc/pic32c/8.3.1/thumb/v6-m/nofp/libgcc.a(adddf3.o)
                              build/pic32cm_mc00_cnano/production/_ext/1360937237/main.o (__aeabi_dadd)
/Applications/microchip/xc32/v3.01/bin/bin/../../lib/gcc/pic32c/8.3.1/thumb/v6-m/nofp/libgcc.a(eqdf2.o)
                              /Applications/microchip/xc32/v3.01/bin/bin/../../lib/gcc/pic32c/8.3.1/thumb/v6-m/nofp/libgcc.a(_arm_cmpdf2.o) (__eqdf2)
/Applications/microchip/xc32/v3.01/bin/bin/../../lib/gcc/pic32c/8.3.1/thumb/v6-m/nofp/libgcc.a(gedf2.o)
                              /Applications/microchip/xc32/v3.01/bin/bin/../../lib/gcc/pic32c/8.3.1/thumb/v6-m/nofp/libgcc.a(_arm_cmpdf2.o) (__gedf2)
/Applications/microchip/xc32/v3.01/bin/bin/../../lib/gcc/pic32c/8.3.1/thumb/v6-m/nofp/libgcc.a(ledf2.o)
                              /Applications/microchip/xc32/v3.01/bin/bin/../../lib/gcc/pic32c/8.3.1/thumb/v6-m/nofp/libgcc.a(_arm_cmpdf2.o) (__ledf2)
/Applications/microchip/xc32/v3.01/bin/bin/../../lib/gcc/pic32c/8.3.1/thumb/v6-m/nofp/libgcc.a(muldf3.o)
                              build/pic32cm_mc00_cnano/production/_ext/1360937237/main.o (__aeabi_dmul)
/Applications/microchip/xc32/v3.01/bin/bin/../../lib/gcc/pic32c/8.3.1/thumb/v6-m/nofp/libgcc.a(subdf3.o)
                              build/pic32cm_mc00_cnano/production/_ext/1360937237/main.o (__aeabi_dsub)
/Applications/microchip/xc32/v3.01/bin/bin/../../lib/gcc/pic32c/8.3.1/thumb/v6-m/nofp/libgcc.a(fixdfsi.o)
                              build/pic32cm_mc00_cnano/production/_ext/1360937237/main.o (__aeabi_d2iz)
/Applications/microchip/xc32/v3.01/bin/bin/../../lib/gcc/pic32c/8.3.1/thumb/v6-m/nofp/libgcc.a(floatsidf.o)
                              build/pic32cm_mc00_cnano/production/_ext/1360937237/main.o (__aeabi_i2d)
[...]
Memory Configuration

Name             Origin             Length             Attributes
rom              0x00000000         0x00010000         xrl
ram              0x20000000         0x00002000         xw !r
config_D0804000  0xd0804000         0x00000004
config_D0806020  0xd0806020         0x00000004
config_D0804004  0xd0804004         0x00000004
config_D0806034  0xd0806034         0x00000004
config_D0806030  0xd0806030         0x00000004
*default*        0x00000000         0xffffffff

Linker script and memory map

LOAD /Applications/microchip/xc32/v3.01/bin/bin/../../lib/gcc/pic32c/8.3.1/thumb/v6-m/nofp/crti.o
LOAD /Applications/microchip/xc32/v3.01/bin/bin/../../lib/gcc/pic32c/8.3.1/thumb/v6-m/nofp/crtbegin.o
LOAD build/pic32cm_mc00_cnano/production/_ext/1373400509/plib_clock.o
LOAD build/pic32cm_mc00_cnano/production/_ext/786950436/plib_dmac.o
LOAD build/pic32cm_mc00_cnano/production/_ext/113162670/plib_eic.o
LOAD build/pic32cm_mc00_cnano/production/_ext/1375549995/plib_evsys.o
LOAD build/pic32cm_mc00_cnano/production/_ext/786643629/plib_nvic.o
LOAD build/pic32cm_mc00_cnano/production/_ext/1554975361/plib_nvmctrl.o
LOAD build/pic32cm_mc00_cnano/production/_ext/786590478/plib_port.o
LOAD build/pic32cm_mc00_cnano/production/_ext/1087025796/plib_sercom0_i2c_master.o
LOAD build/pic32cm_mc00_cnano/production/_ext/1914244104/plib_sercom1_usart.o
LOAD build/pic32cm_mc00_cnano/production/_ext/127854535/xc32_monitor.o
LOAD build/pic32cm_mc00_cnano/production/_ext/612344269/initialization.o
LOAD build/pic32cm_mc00_cnano/production/_ext/612344269/interrupts.o
LOAD build/pic32cm_mc00_cnano/production/_ext/612344269/exceptions.o
LOAD build/pic32cm_mc00_cnano/production/_ext/612344269/startup_xc32.o
LOAD build/pic32cm_mc00_cnano/production/_ext/612344269/libc_syscalls.o
LOAD build/pic32cm_mc00_cnano/production/_ext/1360937237/main.o
LOAD build/pic32cm_mc00_cnano/production/_ext/1360937237/imu.o
                0x00000001                __MPLAB_BUILD = 0x1
                0x00010000                __rom_end = (ORIGIN (rom) + LENGTH (rom))
                0x20002000                __ram_end = (ORIGIN (ram) + LENGTH (ram))

.config_D0804000
 *(.config_D0804000)

.config_D0806020
 *(.config_D0806020)

.config_D0804004
 *(.config_D0804004)

.config_D0806034
 *(.config_D0806034)

.config_D0806030
 *(.config_D0806030)

.vectors        0x00000000       0xac
                0x00000000                . = ALIGN (0x4)
                0x00000000                _sfixed = .
 *(.vectors .vectors.* .vectors_default .vectors_default.*)
 .vectors       0x00000000       0xac build/pic32cm_mc00_cnano/production/_ext/612344269/interrupts.o
                0x00000000                exception_table
 *(.isr_vector)
 *(.reset*)
 *(.after_vectors)

.text           0x000000ac       0x20
                0x000000ac                . = ALIGN (0x4)
 *(.glue_7t)
 .glue_7t       0x000000ac        0x0 linker stubs
 *(.glue_7)
 .glue_7        0x000000ac        0x0 linker stubs
 *(.gnu.linkonce.r.*)
 *(.ARM.extab* .gnu.linkonce.armextab.*)
                0x000000ac                . = ALIGN (0x4)
 *(.init)
 .init          0x000000ac        0x4 /Applications/microchip/xc32/v3.01/bin/bin/../../lib/gcc/pic32c/8.3.1/thumb/v6-m/nofp/crti.o
                0x000000ac                _init
 .init          0x000000b0        0x8 /Applications/microchip/xc32/v3.01/bin/bin/../../lib/gcc/pic32c/8.3.1/thumb/v6-m/nofp/crtn.o
                0x000000b8                . = ALIGN (0x4)
                0x000000b8                __preinit_array_start = .
 *(.preinit_array)
                0x000000b8                __preinit_array_end = .
                0x000000b8                . = ALIGN (0x4)
                0x000000b8                __init_array_start = .
 *(SORT_BY_NAME(.init_array.*))
 *(.init_array)
 .init_array    0x000000b8        0x4 /Applications/microchip/xc32/v3.01/bin/bin/../../lib/gcc/pic32c/8.3.1/thumb/v6-m/nofp/crtbegin.o
                0x000000bc                __init_array_end = .
                0x000000bc                . = ALIGN (0x4)
 *crtbegin.o(.ctors)
 *(EXCLUDE_FILE(*crtend.o) .ctors)
 *(SORT_BY_NAME(.ctors.*))
 *crtend.o(.ctors)
                0x000000bc                . = ALIGN (0x4)
 *(.fini)
 .fini          0x000000bc        0x4 /Applications/microchip/xc32/v3.01/bin/bin/../../lib/gcc/pic32c/8.3.1/thumb/v6-m/nofp/crti.o
                0x000000bc                _fini
 .fini          0x000000c0        0x8 /Applications/microchip/xc32/v3.01/bin/bin/../../lib/gcc/pic32c/8.3.1/thumb/v6-m/nofp/crtn.o
                0x000000c8                . = ALIGN (0x4)
                0x000000c8                __fini_array_start = .
 *(.fini_array)
 .fini_array    0x000000c8        0x4 /Applications/microchip/xc32/v3.01/bin/bin/../../lib/gcc/pic32c/8.3.1/thumb/v6-m/nofp/crtbegin.o
 *(SORT_BY_NAME(.fini_array.*))
                0x000000cc                __fini_array_end = .
 *crtbegin.o(.dtors)
 *(EXCLUDE_FILE(*crtend.o) .dtors)
 *(SORT_BY_NAME(.dtors.*))
 *crtend.o(.dtors)
                0x000000cc                . = ALIGN (0x4)
                0x000000cc                _efixed = .
                [!provide]                PROVIDE (__exidx_start = .)

.ARM.exidx
 *(.ARM.exidx* .gnu.linkonce.armexidx.*)
                [!provide]                PROVIDE (__exidx_end = .)
                0x000000cc                . = ALIGN (0x4)
                0x000000cc                _etext = .

.bss            0x20000000        0x4
                0x20000000                . = ALIGN (0x4)
                0x20000000                __bss_start__ = .
                0x20000000                _sbss = .
                0x20000000                _szero = .
 *(COMMON)
 COMMON         0x20000000        0x4 /Applications/microchip/xc32/v3.01/bin/bin/../../lib/gcc/pic32c/8.3.1/../../../../pic32c/lib/thumb/v6-m/nofp/libc_nano.a(lib_a-reent.o)
                0x20000000                errno
                0x20000004                . = ALIGN (0x4)
                0x20000004                __bss_end__ = .
                0x20000004                _ebss = .
                0x20000004                _ezero = .
                0x20000004                . = ALIGN (0x4)
                0x20000004                _end = .
                0x20001fff                _ram_end_ = ((ORIGIN (ram) + LENGTH (ram)) - 0x1)
                0x00000200                _min_heap_size = 0x200
START GROUP
LOAD /Applications/microchip/xc32/v3.01/bin/bin/../../lib/gcc/pic32c/8.3.1/../../../../pic32c/lib/thumb/v6-m/nofp/libpic32c.a
LOAD /Applications/microchip/xc32/v3.01/bin/bin/../../lib/gcc/pic32c/8.3.1/thumb/v6-m/nofp/libgcc.a
LOAD /Applications/microchip/xc32/v3.01/bin/bin/../../lib/gcc/pic32c/8.3.1/../../../../pic32c/lib/thumb/v6-m/nofp/libm_nano.a
LOAD /Applications/microchip/xc32/v3.01/bin/bin/../../lib/gcc/pic32c/8.3.1/../../../../pic32c/lib/thumb/v6-m/nofp/libc_nano.a
END GROUP
LOAD /Applications/microchip/xc32/v3.01/bin/bin/../../lib/gcc/pic32c/8.3.1/thumb/v6-m/nofp/crtend.o
LOAD /Applications/microchip/xc32/v3.01/bin/bin/../../lib/gcc/pic32c/8.3.1/thumb/v6-m/nofp/crtn.o
OUTPUT(dist/pic32cm_mc00_cnano/production/FallDetection.X.production.elf elf32-littlearm)
LOAD stack
LOAD data_init

.ARM.attributes
                0x00000000       0x28
 .ARM.attributes
                0x00000000       0x1e /Applications/microchip/xc32/v3.01/bin/bin/../../lib/gcc/pic32c/8.3.1/thumb/v6-m/nofp/crti.o
 .ARM.attributes
                0x0000001e       0x2c /Applications/microchip/xc32/v3.01/bin/bin/../../lib/gcc/pic32c/8.3.1/thumb/v6-m/nofp/crtbegin.o
 .ARM.attributes
                0x0000004a       0x2c build/pic32cm_mc00_cnano/production/_ext/1373400509/plib_clock.o
 .ARM.attributes
                0x00000076       0x2c build/pic32cm_mc00_cnano/production/_ext/786950436/plib_dmac.o
 .ARM.attributes
                0x000000a2       0x2c build/pic32cm_mc00_cnano/production/_ext/113162670/plib_eic.o
 .ARM.attributes
                0x000000ce       0x2c build/pic32cm_mc00_cnano/production/_ext/1375549995/plib_evsys.o
 .ARM.attributes
                0x000000fa       0x2c build/pic32cm_mc00_cnano/production/_ext/786643629/plib_nvic.o
 .ARM.attributes
                0x00000126       0x2c build/pic32cm_mc00_cnano/production/_ext/1554975361/plib_nvmctrl.o
 .ARM.attributes
                0x00000152       0x2c build/pic32cm_mc00_cnano/production/_ext/786590478/plib_port.o
 .ARM.attributes
                0x0000017e       0x2c build/pic32cm_mc00_cnano/production/_ext/1087025796/plib_sercom0_i2c_master.o
 .ARM.attributes
                0x000001aa       0x2c build/pic32cm_mc00_cnano/production/_ext/1914244104/plib_sercom1_usart.o
 .ARM.attributes
                0x000001d6       0x2c build/pic32cm_mc00_cnano/production/_ext/127854535/xc32_monitor.o
 .ARM.attributes
                0x00000202       0x2c build/pic32cm_mc00_cnano/production/_ext/612344269/initialization.o
 .ARM.attributes
                0x0000022e       0x2c build/pic32cm_mc00_cnano/production/_ext/612344269/interrupts.o
 .ARM.attributes
                0x0000025a       0x2c build/pic32cm_mc00_cnano/production/_ext/612344269/exceptions.o
 .ARM.attributes
                0x00000286       0x2c build/pic32cm_mc00_cnano/production/_ext/612344269/startup_xc32.o
 .ARM.attributes
                0x000002b2       0x2c build/pic32cm_mc00_cnano/production/_ext/1360937237/main.o
 .ARM.attributes
                0x000002de       0x2c build/pic32cm_mc00_cnano/production/_ext/1360937237/imu.o
 .ARM.attributes
                0x0000030a       0x2c /Applications/microchip/xc32/v3.01/bin/bin/../../lib/gcc/pic32c/8.3.1/../../../../pic32c/lib/thumb/v6-m/nofp/libpic32c.a(data_init.o)
 .ARM.attributes
                0x00000336       0x1e /Applications/microchip/xc32/v3.01/bin/bin/../../lib/gcc/pic32c/8.3.1/thumb/v6-m/nofp/libgcc.a(_udivsi3.o)
 .ARM.attributes
                0x00000354       0x1e /Applications/microchip/xc32/v3.01/bin/bin/../../lib/gcc/pic32c/8.3.1/thumb/v6-m/nofp/libgcc.a(_dvmd_tls.o)
 .ARM.attributes
                0x00000372       0x1e /Applications/microchip/xc32/v3.01/bin/bin/../../lib/gcc/pic32c/8.3.1/thumb/v6-m/nofp/libgcc.a(_arm_cmpdf2.o)
 .ARM.attributes
                0x00000390       0x2c /Applications/microchip/xc32/v3.01/bin/bin/../../lib/gcc/pic32c/8.3.1/thumb/v6-m/nofp/libgcc.a(adddf3.o)
 .ARM.attributes
                0x000003bc       0x2c /Applications/microchip/xc32/v3.01/bin/bin/../../lib/gcc/pic32c/8.3.1/thumb/v6-m/nofp/libgcc.a(eqdf2.o)
 .ARM.attributes
                0x000003e8       0x2c /Applications/microchip/xc32/v3.01/bin/bin/../../lib/gcc/pic32c/8.3.1/thumb/v6-m/nofp/libgcc.a(gedf2.o)
 .ARM.attributes
                0x00000414       0x2c /Applications/microchip/xc32/v3.01/bin/bin/../../lib/gcc/pic32c/8.3.1/thumb/v6-m/nofp/libgcc.a(ledf2.o)
 .ARM.attributes
                0x00000440       0x2c /Applications/microchip/xc32/v3.01/bin/bin/../../lib/gcc/pic32c/8.3.1/thumb/v6-m/nofp/libgcc.a(muldf3.o)
 .ARM.attributes
                0x0000046c       0x2c /Applications/microchip/xc32/v3.01/bin/bin/../../lib/gcc/pic32c/8.3.1/thumb/v6-m/nofp/libgcc.a(subdf3.o)
 .ARM.attributes
                0x00000498       0x2c /Applications/microchip/xc32/v3.01/bin/bin/../../lib/gcc/pic32c/8.3.1/thumb/v6-m/nofp/libgcc.a(floatsidf.o)
 .ARM.attributes
                0x000004c4       0x1e /Applications/microchip/xc32/v3.01/bin/bin/../../lib/gcc/pic32c/8.3.1/thumb/v6-m/nofp/libgcc.a(_clzsi2.o)
 .ARM.attributes
                0x000004e2       0x2c /Applications/microchip/xc32/v3.01/bin/bin/../../lib/gcc/pic32c/8.3.1/../../../../pic32c/lib/thumb/v6-m/nofp/libm_nano.a(lib_a-w_sqrt.o)
 .ARM.attributes
                0x0000050e       0x2c /Applications/microchip/xc32/v3.01/bin/bin/../../lib/gcc/pic32c/8.3.1/../../../../pic32c/lib/thumb/v6-m/nofp/libm_nano.a(lib_a-e_sqrt.o)
 .ARM.attributes
                0x0000053a       0x2c /Applications/microchip/xc32/v3.01/bin/bin/../../lib/gcc/pic32c/8.3.1/../../../../pic32c/lib/thumb/v6-m/nofp/libm_nano.a(lib_a-s_lib_ver.o)
 .ARM.attributes
                0x00000566       0x2c /Applications/microchip/xc32/v3.01/bin/bin/../../lib/gcc/pic32c/8.3.1/../../../../pic32c/lib/thumb/v6-m/nofp/libc_nano.a(lib_a-errno.o)
 .ARM.attributes
                0x00000592       0x2c /Applications/microchip/xc32/v3.01/bin/bin/../../lib/gcc/pic32c/8.3.1/../../../../pic32c/lib/thumb/v6-m/nofp/libc_nano.a(lib_a-impure.o)
 .ARM.attributes
                0x000005be       0x2c /Applications/microchip/xc32/v3.01/bin/bin/../../lib/gcc/pic32c/8.3.1/../../../../pic32c/lib/thumb/v6-m/nofp/libc_nano.a(lib_a-init.o)
 .ARM.attributes
                0x000005ea       0x2c /Applications/microchip/xc32/v3.01/bin/bin/../../lib/gcc/pic32c/8.3.1/../../../../pic32c/lib/thumb/v6-m/nofp/libc_nano.a(lib_a-setbuf.o)
 .ARM.attributes
                0x00000616       0x2c /Applications/microchip/xc32/v3.01/bin/bin/../../lib/gcc/pic32c/8.3.1/../../../../pic32c/lib/thumb/v6-m/nofp/libc_nano.a(lib_a-setvbuf.o)
 .ARM.attributes
                0x00000642       0x2c /Applications/microchip/xc32/v3.01/bin/bin/../../lib/gcc/pic32c/8.3.1/../../../../pic32c/lib/thumb/v6-m/nofp/libc_nano.a(lib_a-fflush.o)
 .ARM.attributes
                0x0000066e       0x2c /Applications/microchip/xc32/v3.01/bin/bin/../../lib/gcc/pic32c/8.3.1/../../../../pic32c/lib/thumb/v6-m/nofp/libc_nano.a(lib_a-findfp.o)
 .ARM.attributes
                0x0000069a       0x2c /Applications/microchip/xc32/v3.01/bin/bin/../../lib/gcc/pic32c/8.3.1/../../../../pic32c/lib/thumb/v6-m/nofp/libc_nano.a(lib_a-fwalk.o)
 .ARM.attributes
                0x000006c6       0x2c /Applications/microchip/xc32/v3.01/bin/bin/../../lib/gcc/pic32c/8.3.1/../../../../pic32c/lib/thumb/v6-m/nofp/libc_nano.a(lib_a-makebuf.o)
 .ARM.attributes
                0x000006f2       0x2c /Applications/microchip/xc32/v3.01/bin/bin/../../lib/gcc/pic32c/8.3.1/../../../../pic32c/lib/thumb/v6-m/nofp/libc_nano.a(lib_a-malloc.o)
 .ARM.attributes
                0x0000071e       0x2c /Applications/microchip/xc32/v3.01/bin/bin/../../lib/gcc/pic32c/8.3.1/../../../../pic32c/lib/thumb/v6-m/nofp/libc_nano.a(lib_a-memset.o)
 .ARM.attributes
                0x0000074a       0x2c /Applications/microchip/xc32/v3.01/bin/bin/../../lib/gcc/pic32c/8.3.1/../../../../pic32c/lib/thumb/v6-m/nofp/libc_nano.a(lib_a-nano-freer.o)
 .ARM.attributes
                0x00000776       0x2c /Applications/microchip/xc32/v3.01/bin/bin/../../lib/gcc/pic32c/8.3.1/../../../../pic32c/lib/thumb/v6-m/nofp/libc_nano.a(lib_a-nano-mallocr.o)
 .ARM.attributes
                0x000007a2       0x2c /Applications/microchip/xc32/v3.01/bin/bin/../../lib/gcc/pic32c/8.3.1/../../../../pic32c/lib/thumb/v6-m/nofp/libc_nano.a(lib_a-sbrkr.o)
 .ARM.attributes
                0x000007ce       0x2c /Applications/microchip/xc32/v3.01/bin/bin/../../lib/gcc/pic32c/8.3.1/../../../../pic32c/lib/thumb/v6-m/nofp/libc_nano.a(lib_a-stdio.o)
 .ARM.attributes
                0x000007fa       0x2c /Applications/microchip/xc32/v3.01/bin/bin/../../lib/gcc/pic32c/8.3.1/../../../../pic32c/lib/thumb/v6-m/nofp/libc_nano.a(lib_a-writer.o)
 .ARM.attributes
                0x00000826       0x2c /Applications/microchip/xc32/v3.01/bin/bin/../../lib/gcc/pic32c/8.3.1/../../../../pic32c/lib/thumb/v6-m/nofp/libc_nano.a(lib_a-closer.o)
 .ARM.attributes
                0x00000852       0x2c /Applications/microchip/xc32/v3.01/bin/bin/../../lib/gcc/pic32c/8.3.1/../../../../pic32c/lib/thumb/v6-m/nofp/libc_nano.a(lib_a-fstatr.o)
 .ARM.attributes
                0x0000087e       0x2c /Applications/microchip/xc32/v3.01/bin/bin/../../lib/gcc/pic32c/8.3.1/../../../../pic32c/lib/thumb/v6-m/nofp/libc_nano.a(lib_a-lseekr.o)
 .ARM.attributes
                0x000008aa       0x2c /Applications/microchip/xc32/v3.01/bin/bin/../../lib/gcc/pic32c/8.3.1/../../../../pic32c/lib/thumb/v6-m/nofp/libc_nano.a(lib_a-mlock.o)
 .ARM.attributes
                0x000008d6       0x2c /Applications/microchip/xc32/v3.01/bin/bin/../../lib/gcc/pic32c/8.3.1/../../../../pic32c/lib/thumb/v6-m/nofp/libc_nano.a(lib_a-readr.o)
 .ARM.attributes
                0x00000902       0x2c /Applications/microchip/xc32/v3.01/bin/bin/../../lib/gcc/pic32c/8.3.1/../../../../pic32c/lib/thumb/v6-m/nofp/libc_nano.a(lib_a-reent.o)
 .ARM.attributes
                0x0000092e       0x2c /Applications/microchip/xc32/v3.01/bin/bin/../../lib/gcc/pic32c/8.3.1/../../../../pic32c/lib/thumb/v6-m/nofp/libpic32c.a(_close.o)
 .ARM.attributes
                0x0000095a       0x2c /Applications/microchip/xc32/v3.01/bin/bin/../../lib/gcc/pic32c/8.3.1/../../../../pic32c/lib/thumb/v6-m/nofp/libpic32c.a(_fstat.o)
 .ARM.attributes
                0x00000986       0x2c /Applications/microchip/xc32/v3.01/bin/bin/../../lib/gcc/pic32c/8.3.1/../../../../pic32c/lib/thumb/v6-m/nofp/libpic32c.a(_lseek.o)
 .ARM.attributes
                0x000009b2       0x2c /Applications/microchip/xc32/v3.01/bin/bin/../../lib/gcc/pic32c/8.3.1/../../../../pic32c/lib/thumb/v6-m/nofp/libpic32c.a(_read.o)
 .ARM.attributes
                0x000009de       0x2c /Applications/microchip/xc32/v3.01/bin/bin/../../lib/gcc/pic32c/8.3.1/../../../../pic32c/lib/thumb/v6-m/nofp/libpic32c.a(sbrk.o)
 .ARM.attributes
                0x00000a0a       0x2c /Applications/microchip/xc32/v3.01/bin/bin/../../lib/gcc/pic32c/8.3.1/../../../../pic32c/lib/thumb/v6-m/nofp/libpic32c.a(_write.o)
 .ARM.attributes
                0x00000a36       0x2c /Applications/microchip/xc32/v3.01/bin/bin/../../lib/gcc/pic32c/8.3.1/../../../../pic32c/lib/thumb/v6-m/nofp/libpic32c.a(close.o)
 .ARM.attributes
                0x00000a62       0x2c /Applications/microchip/xc32/v3.01/bin/bin/../../lib/gcc/pic32c/8.3.1/../../../../pic32c/lib/thumb/v6-m/nofp/libpic32c.a(fstat.o)
 .ARM.attributes
                0x00000a8e       0x2c /Applications/microchip/xc32/v3.01/bin/bin/../../lib/gcc/pic32c/8.3.1/../../../../pic32c/lib/thumb/v6-m/nofp/libpic32c.a(lseek.o)
 .ARM.attributes
                0x00000aba       0x2c /Applications/microchip/xc32/v3.01/bin/bin/../../lib/gcc/pic32c/8.3.1/../../../../pic32c/lib/thumb/v6-m/nofp/libpic32c.a(read.o)
 .ARM.attributes
                0x00000ae6       0x2c /Applications/microchip/xc32/v3.01/bin/bin/../../lib/gcc/pic32c/8.3.1/../../../../pic32c/lib/thumb/v6-m/nofp/libpic32c.a(write.o)
 .ARM.attributes
                0x00000b12       0x2c /Applications/microchip/xc32/v3.01/bin/bin/../../lib/gcc/pic32c/8.3.1/thumb/v6-m/nofp/libgcc.a(divdf3.o)
 .ARM.attributes
                0x00000b3e       0x2c /Applications/microchip/xc32/v3.01/bin/bin/../../lib/gcc/pic32c/8.3.1/thumb/v6-m/nofp/libgcc.a(unorddf2.o)
 .ARM.attributes
                0x00000b6a       0x1e /Applications/microchip/xc32/v3.01/bin/bin/../../lib/gcc/pic32c/8.3.1/thumb/v6-m/nofp/crtn.o

.comment        0x00000000       0x53
 .comment       0x00000000       0x53 /Applications/microchip/xc32/v3.01/bin/bin/../../lib/gcc/pic32c/8.3.1/thumb/v6-m/nofp/crtbegin.o
                                 0x54 (size before relaxing)
 .comment       0x00000053       0x54 build/pic32cm_mc00_cnano/production/_ext/1373400509/plib_clock.o
 .comment       0x00000053       0x54 build/pic32cm_mc00_cnano/production/_ext/786950436/plib_dmac.o
 .comment       0x00000053       0x54 build/pic32cm_mc00_cnano/production/_ext/113162670/plib_eic.o
 .comment       0x00000053       0x54 build/pic32cm_mc00_cnano/production/_ext/1375549995/plib_evsys.o
 .comment       0x00000053       0x54 build/pic32cm_mc00_cnano/production/_ext/786643629/plib_nvic.o
 .comment       0x00000053       0x54 build/pic32cm_mc00_cnano/production/_ext/1554975361/plib_nvmctrl.o
 .comment       0x00000053       0x54 build/pic32cm_mc00_cnano/production/_ext/786590478/plib_port.o
 .comment       0x00000053       0x54 build/pic32cm_mc00_cnano/production/_ext/1087025796/plib_sercom0_i2c_master.o
 .comment       0x00000053       0x54 build/pic32cm_mc00_cnano/production/_ext/1914244104/plib_sercom1_usart.o
 .comment       0x00000053       0x54 build/pic32cm_mc00_cnano/production/_ext/127854535/xc32_monitor.o
 .comment       0x00000053       0x54 build/pic32cm_mc00_cnano/production/_ext/612344269/initialization.o
 .comment       0x00000053       0x54 build/pic32cm_mc00_cnano/production/_ext/612344269/interrupts.o
 .comment       0x00000053       0x54 build/pic32cm_mc00_cnano/production/_ext/612344269/exceptions.o
 .comment       0x00000053       0x54 build/pic32cm_mc00_cnano/production/_ext/612344269/startup_xc32.o
 .comment       0x00000053       0x54 build/pic32cm_mc00_cnano/production/_ext/1360937237/main.o
 .comment       0x00000053       0x54 build/pic32cm_mc00_cnano/production/_ext/1360937237/imu.o
 .comment       0x00000053       0x54 /Applications/microchip/xc32/v3.01/bin/bin/../../lib/gcc/pic32c/8.3.1/../../../../pic32c/lib/thumb/v6-m/nofp/libpic32c.a(data_init.o)
 .comment       0x00000053       0x54 /Applications/microchip/xc32/v3.01/bin/bin/../../lib/gcc/pic32c/8.3.1/thumb/v6-m/nofp/libgcc.a(adddf3.o)
 .comment       0x00000053       0x54 /Applications/microchip/xc32/v3.01/bin/bin/../../lib/gcc/pic32c/8.3.1/thumb/v6-m/nofp/libgcc.a(eqdf2.o)
 .comment       0x00000053       0x54 /Applications/microchip/xc32/v3.01/bin/bin/../../lib/gcc/pic32c/8.3.1/thumb/v6-m/nofp/libgcc.a(gedf2.o)
 .comment       0x00000053       0x54 /Applications/microchip/xc32/v3.01/bin/bin/../../lib/gcc/pic32c/8.3.1/thumb/v6-m/nofp/libgcc.a(ledf2.o)
 .comment       0x00000053       0x54 /Applications/microchip/xc32/v3.01/bin/bin/../../lib/gcc/pic32c/8.3.1/thumb/v6-m/nofp/libgcc.a(muldf3.o)
 .comment       0x00000053       0x54 /Applications/microchip/xc32/v3.01/bin/bin/../../lib/gcc/pic32c/8.3.1/thumb/v6-m/nofp/libgcc.a(subdf3.o)
 .comment       0x00000053       0x54 /Applications/microchip/xc32/v3.01/bin/bin/../../lib/gcc/pic32c/8.3.1/thumb/v6-m/nofp/libgcc.a(floatsidf.o)
 .comment       0x00000053       0x54 /Applications/microchip/xc32/v3.01/bin/bin/../../lib/gcc/pic32c/8.3.1/../../../../pic32c/lib/thumb/v6-m/nofp/libm_nano.a(lib_a-w_sqrt.o)
 .comment       0x00000053       0x54 /Applications/microchip/xc32/v3.01/bin/bin/../../lib/gcc/pic32c/8.3.1/../../../../pic32c/lib/thumb/v6-m/nofp/libm_nano.a(lib_a-e_sqrt.o)
 .comment       0x00000053       0x54 /Applications/microchip/xc32/v3.01/bin/bin/../../lib/gcc/pic32c/8.3.1/../../../../pic32c/lib/thumb/v6-m/nofp/libm_nano.a(lib_a-s_lib_ver.o)
 .comment       0x00000053       0x54 /Applications/microchip/xc32/v3.01/bin/bin/../../lib/gcc/pic32c/8.3.1/../../../../pic32c/lib/thumb/v6-m/nofp/libc_nano.a(lib_a-errno.o)
 .comment       0x00000053       0x54 /Applications/microchip/xc32/v3.01/bin/bin/../../lib/gcc/pic32c/8.3.1/../../../../pic32c/lib/thumb/v6-m/nofp/libc_nano.a(lib_a-impure.o)
 .comment       0x00000053       0x54 /Applications/microchip/xc32/v3.01/bin/bin/../../lib/gcc/pic32c/8.3.1/../../../../pic32c/lib/thumb/v6-m/nofp/libc_nano.a(lib_a-init.o)
 .comment       0x00000053       0x54 /Applications/microchip/xc32/v3.01/bin/bin/../../lib/gcc/pic32c/8.3.1/../../../../pic32c/lib/thumb/v6-m/nofp/libc_nano.a(lib_a-setbuf.o)
 .comment       0x00000053       0x54 /Applications/microchip/xc32/v3.01/bin/bin/../../lib/gcc/pic32c/8.3.1/../../../../pic32c/lib/thumb/v6-m/nofp/libc_nano.a(lib_a-setvbuf.o)
 .comment       0x00000053       0x54 /Applications/microchip/xc32/v3.01/bin/bin/../../lib/gcc/pic32c/8.3.1/../../../../pic32c/lib/thumb/v6-m/nofp/libc_nano.a(lib_a-fflush.o)
 .comment       0x00000053       0x54 /Applications/microchip/xc32/v3.01/bin/bin/../../lib/gcc/pic32c/8.3.1/../../../../pic32c/lib/thumb/v6-m/nofp/libc_nano.a(lib_a-findfp.o)
 .comment       0x00000053       0x54 /Applications/microchip/xc32/v3.01/bin/bin/../../lib/gcc/pic32c/8.3.1/../../../../pic32c/lib/thumb/v6-m/nofp/libc_nano.a(lib_a-fwalk.o)
 .comment       0x00000053       0x54 /Applications/microchip/xc32/v3.01/bin/bin/../../lib/gcc/pic32c/8.3.1/../../../../pic32c/lib/thumb/v6-m/nofp/libc_nano.a(lib_a-makebuf.o)
 .comment       0x00000053       0x54 /Applications/microchip/xc32/v3.01/bin/bin/../../lib/gcc/pic32c/8.3.1/../../../../pic32c/lib/thumb/v6-m/nofp/libc_nano.a(lib_a-malloc.o)
 .comment       0x00000053       0x54 /Applications/microchip/xc32/v3.01/bin/bin/../../lib/gcc/pic32c/8.3.1/../../../../pic32c/lib/thumb/v6-m/nofp/libc_nano.a(lib_a-memset.o)
 .comment       0x00000053       0x54 /Applications/microchip/xc32/v3.01/bin/bin/../../lib/gcc/pic32c/8.3.1/../../../../pic32c/lib/thumb/v6-m/nofp/libc_nano.a(lib_a-nano-freer.o)
 .comment       0x00000053       0x54 /Applications/microchip/xc32/v3.01/bin/bin/../../lib/gcc/pic32c/8.3.1/../../../../pic32c/lib/thumb/v6-m/nofp/libc_nano.a(lib_a-nano-mallocr.o)
 .comment       0x00000053       0x54 /Applications/microchip/xc32/v3.01/bin/bin/../../lib/gcc/pic32c/8.3.1/../../../../pic32c/lib/thumb/v6-m/nofp/libc_nano.a(lib_a-sbrkr.o)
 .comment       0x00000053       0x54 /Applications/microchip/xc32/v3.01/bin/bin/../../lib/gcc/pic32c/8.3.1/../../../../pic32c/lib/thumb/v6-m/nofp/libc_nano.a(lib_a-stdio.o)
 .comment       0x00000053       0x54 /Applications/microchip/xc32/v3.01/bin/bin/../../lib/gcc/pic32c/8.3.1/../../../../pic32c/lib/thumb/v6-m/nofp/libc_nano.a(lib_a-writer.o)
 .comment       0x00000053       0x54 /Applications/microchip/xc32/v3.01/bin/bin/../../lib/gcc/pic32c/8.3.1/../../../../pic32c/lib/thumb/v6-m/nofp/libc_nano.a(lib_a-closer.o)
 .comment       0x00000053       0x54 /Applications/microchip/xc32/v3.01/bin/bin/../../lib/gcc/pic32c/8.3.1/../../../../pic32c/lib/thumb/v6-m/nofp/libc_nano.a(lib_a-fstatr.o)
 .comment       0x00000053       0x54 /Applications/microchip/xc32/v3.01/bin/bin/../../lib/gcc/pic32c/8.3.1/../../../../pic32c/lib/thumb/v6-m/nofp/libc_nano.a(lib_a-lseekr.o)
 .comment       0x00000053       0x54 /Applications/microchip/xc32/v3.01/bin/bin/../../lib/gcc/pic32c/8.3.1/../../../../pic32c/lib/thumb/v6-m/nofp/libc_nano.a(lib_a-mlock.o)
 .comment       0x00000053       0x54 /Applications/microchip/xc32/v3.01/bin/bin/../../lib/gcc/pic32c/8.3.1/../../../../pic32c/lib/thumb/v6-m/nofp/libc_nano.a(lib_a-readr.o)
 .comment       0x00000053       0x54 /Applications/microchip/xc32/v3.01/bin/bin/../../lib/gcc/pic32c/8.3.1/../../../../pic32c/lib/thumb/v6-m/nofp/libc_nano.a(lib_a-reent.o)
 .comment       0x00000053       0x54 /Applications/microchip/xc32/v3.01/bin/bin/../../lib/gcc/pic32c/8.3.1/../../../../pic32c/lib/thumb/v6-m/nofp/libpic32c.a(_close.o)
 .comment       0x00000053       0x54 /Applications/microchip/xc32/v3.01/bin/bin/../../lib/gcc/pic32c/8.3.1/../../../../pic32c/lib/thumb/v6-m/nofp/libpic32c.a(_fstat.o)
 .comment       0x00000053       0x54 /Applications/microchip/xc32/v3.01/bin/bin/../../lib/gcc/pic32c/8.3.1/../../../../pic32c/lib/thumb/v6-m/nofp/libpic32c.a(_lseek.o)
 .comment       0x00000053       0x54 /Applications/microchip/xc32/v3.01/bin/bin/../../lib/gcc/pic32c/8.3.1/../../../../pic32c/lib/thumb/v6-m/nofp/libpic32c.a(_read.o)
 .comment       0x00000053       0x54 /Applications/microchip/xc32/v3.01/bin/bin/../../lib/gcc/pic32c/8.3.1/../../../../pic32c/lib/thumb/v6-m/nofp/libpic32c.a(sbrk.o)
 .comment       0x00000053       0x54 /Applications/microchip/xc32/v3.01/bin/bin/../../lib/gcc/pic32c/8.3.1/../../../../pic32c/lib/thumb/v6-m/nofp/libpic32c.a(_write.o)
 .comment       0x00000053       0x54 /Applications/microchip/xc32/v3.01/bin/bin/../../lib/gcc/pic32c/8.3.1/../../../../pic32c/lib/thumb/v6-m/nofp/libpic32c.a(close.o)
 .comment       0x00000053       0x54 /Applications/microchip/xc32/v3.01/bin/bin/../../lib/gcc/pic32c/8.3.1/../../../../pic32c/lib/thumb/v6-m/nofp/libpic32c.a(fstat.o)
 .comment       0x00000053       0x54 /Applications/microchip/xc32/v3.01/bin/bin/../../lib/gcc/pic32c/8.3.1/../../../../pic32c/lib/thumb/v6-m/nofp/libpic32c.a(lseek.o)
 .comment       0x00000053       0x54 /Applications/microchip/xc32/v3.01/bin/bin/../../lib/gcc/pic32c/8.3.1/../../../../pic32c/lib/thumb/v6-m/nofp/libpic32c.a(read.o)
 .comment       0x00000053       0x54 /Applications/microchip/xc32/v3.01/bin/bin/../../lib/gcc/pic32c/8.3.1/../../../../pic32c/lib/thumb/v6-m/nofp/libpic32c.a(write.o)
 .comment       0x00000053       0x54 /Applications/microchip/xc32/v3.01/bin/bin/../../lib/gcc/pic32c/8.3.1/thumb/v6-m/nofp/libgcc.a(divdf3.o)
 .comment       0x00000053       0x54 /Applications/microchip/xc32/v3.01/bin/bin/../../lib/gcc/pic32c/8.3.1/thumb/v6-m/nofp/libgcc.a(unorddf2.o)

.debug_info     0x00000000    0x16a5e
 .debug_info    0x00000000      0xb68 build/pic32cm_mc00_cnano/production/_ext/1373400509/plib_clock.o
 .debug_info    0x00000b68     0x1e5a build/pic32cm_mc00_cnano/production/_ext/786950436/plib_dmac.o
 .debug_info    0x000029c2      0x753 build/pic32cm_mc00_cnano/production/_ext/113162670/plib_eic.o
 .debug_info    0x00003115      0x35e build/pic32cm_mc00_cnano/production/_ext/1375549995/plib_evsys.o
 .debug_info    0x00003473      0xb5d build/pic32cm_mc00_cnano/production/_ext/786643629/plib_nvic.o
 .debug_info    0x00003fd0     0x1696 build/pic32cm_mc00_cnano/production/_ext/1554975361/plib_nvmctrl.o
 .debug_info    0x00005666      0xc3a build/pic32cm_mc00_cnano/production/_ext/786590478/plib_port.o
 .debug_info    0x000062a0     0x180d build/pic32cm_mc00_cnano/production/_ext/1087025796/plib_sercom0_i2c_master.o
 .debug_info    0x00007aad     0x14c2 build/pic32cm_mc00_cnano/production/_ext/1914244104/plib_sercom1_usart.o
 .debug_info    0x00008f6f      0xfcc build/pic32cm_mc00_cnano/production/_ext/127854535/xc32_monitor.o
 .debug_info    0x00009f3b     0x1299 build/pic32cm_mc00_cnano/production/_ext/612344269/initialization.o
 .debug_info    0x0000b1d4     0x143d build/pic32cm_mc00_cnano/production/_ext/612344269/interrupts.o
 .debug_info    0x0000c611      0xf1d build/pic32cm_mc00_cnano/production/_ext/612344269/exceptions.o
 .debug_info    0x0000d52e      0x504 build/pic32cm_mc00_cnano/production/_ext/612344269/startup_xc32.o
 .debug_info    0x0000da32     0x16f7 build/pic32cm_mc00_cnano/production/_ext/1360937237/main.o
 .debug_info    0x0000f129     0x15b7 build/pic32cm_mc00_cnano/production/_ext/1360937237/imu.o
 .debug_info    0x000106e0      0x2c3 /Applications/microchip/xc32/v3.01/bin/bin/../../lib/gcc/pic32c/8.3.1/../../../../pic32c/lib/thumb/v6-m/nofp/libpic32c.a(data_init.o)
 .debug_info    0x000109a3       0x26 /Applications/microchip/xc32/v3.01/bin/bin/../../lib/gcc/pic32c/8.3.1/thumb/v6-m/nofp/libgcc.a(_udivsi3.o)
 .debug_info    0x000109c9       0x26 /Applications/microchip/xc32/v3.01/bin/bin/../../lib/gcc/pic32c/8.3.1/thumb/v6-m/nofp/libgcc.a(_dvmd_tls.o)
 .debug_info    0x000109ef       0x26 /Applications/microchip/xc32/v3.01/bin/bin/../../lib/gcc/pic32c/8.3.1/thumb/v6-m/nofp/libgcc.a(_arm_cmpdf2.o)
 .debug_info    0x00010a15      0x901 /Applications/microchip/xc32/v3.01/bin/bin/../../lib/gcc/pic32c/8.3.1/thumb/v6-m/nofp/libgcc.a(adddf3.o)
 .debug_info    0x00011316      0x4ca /Applications/microchip/xc32/v3.01/bin/bin/../../lib/gcc/pic32c/8.3.1/thumb/v6-m/nofp/libgcc.a(eqdf2.o)
 .debug_info    0x000117e0      0x505 /Applications/microchip/xc32/v3.01/bin/bin/../../lib/gcc/pic32c/8.3.1/thumb/v6-m/nofp/libgcc.a(gedf2.o)
 .debug_info    0x00011ce5      0x505 /Applications/microchip/xc32/v3.01/bin/bin/../../lib/gcc/pic32c/8.3.1/thumb/v6-m/nofp/libgcc.a(ledf2.o)
 .debug_info    0x000121ea      0xc00 /Applications/microchip/xc32/v3.01/bin/bin/../../lib/gcc/pic32c/8.3.1/thumb/v6-m/nofp/libgcc.a(muldf3.o)
 .debug_info    0x00012dea      0x90d /Applications/microchip/xc32/v3.01/bin/bin/../../lib/gcc/pic32c/8.3.1/thumb/v6-m/nofp/libgcc.a(subdf3.o)
 .debug_info    0x000136f7      0x5be /Applications/microchip/xc32/v3.01/bin/bin/../../lib/gcc/pic32c/8.3.1/thumb/v6-m/nofp/libgcc.a(floatsidf.o)
 .debug_info    0x00013cb5       0x26 /Applications/microchip/xc32/v3.01/bin/bin/../../lib/gcc/pic32c/8.3.1/thumb/v6-m/nofp/libgcc.a(_clzsi2.o)
 .debug_info    0x00013cdb      0x2aa /Applications/microchip/xc32/v3.01/bin/bin/../../lib/gcc/pic32c/8.3.1/../../../../pic32c/lib/thumb/v6-m/nofp/libpic32c.a(_close.o)
 .debug_info    0x00013f85      0x2aa /Applications/microchip/xc32/v3.01/bin/bin/../../lib/gcc/pic32c/8.3.1/../../../../pic32c/lib/thumb/v6-m/nofp/libpic32c.a(_fstat.o)
 .debug_info    0x0001422f      0x2aa /Applications/microchip/xc32/v3.01/bin/bin/../../lib/gcc/pic32c/8.3.1/../../../../pic32c/lib/thumb/v6-m/nofp/libpic32c.a(_lseek.o)
 .debug_info    0x000144d9      0x2a8 /Applications/microchip/xc32/v3.01/bin/bin/../../lib/gcc/pic32c/8.3.1/../../../../pic32c/lib/thumb/v6-m/nofp/libpic32c.a(_read.o)
 .debug_info    0x00014781      0x2a6 /Applications/microchip/xc32/v3.01/bin/bin/../../lib/gcc/pic32c/8.3.1/../../../../pic32c/lib/thumb/v6-m/nofp/libpic32c.a(sbrk.o)
 .debug_info    0x00014a27      0x2aa /Applications/microchip/xc32/v3.01/bin/bin/../../lib/gcc/pic32c/8.3.1/../../../../pic32c/lib/thumb/v6-m/nofp/libpic32c.a(_write.o)
 .debug_info    0x00014cd1      0x2a7 /Applications/microchip/xc32/v3.01/bin/bin/../../lib/gcc/pic32c/8.3.1/../../../../pic32c/lib/thumb/v6-m/nofp/libpic32c.a(close.o)
 .debug_info    0x00014f78      0x2a7 /Applications/microchip/xc32/v3.01/bin/bin/../../lib/gcc/pic32c/8.3.1/../../../../pic32c/lib/thumb/v6-m/nofp/libpic32c.a(fstat.o)
 .debug_info    0x0001521f      0x2a7 /Applications/microchip/xc32/v3.01/bin/bin/../../lib/gcc/pic32c/8.3.1/../../../../pic32c/lib/thumb/v6-m/nofp/libpic32c.a(lseek.o)
 .debug_info    0x000154c6      0x2a6 /Applications/microchip/xc32/v3.01/bin/bin/../../lib/gcc/pic32c/8.3.1/../../../../pic32c/lib/thumb/v6-m/nofp/libpic32c.a(read.o)
 .debug_info    0x0001576c      0x2a8 /Applications/microchip/xc32/v3.01/bin/bin/../../lib/gcc/pic32c/8.3.1/../../../../pic32c/lib/thumb/v6-m/nofp/libpic32c.a(write.o)
 .debug_info    0x00015a14      0xb90 /Applications/microchip/xc32/v3.01/bin/bin/../../lib/gcc/pic32c/8.3.1/thumb/v6-m/nofp/libgcc.a(divdf3.o)
 .debug_info    0x000165a4      0x4ba /Applications/microchip/xc32/v3.01/bin/bin/../../lib/gcc/pic32c/8.3.1/thumb/v6-m/nofp/libgcc.a(unorddf2.o)

.debug_abbrev   0x00000000     0x3113
 .debug_abbrev  0x00000000      0x12f build/pic32cm_mc00_cnano/production/_ext/1373400509/plib_clock.o
 .debug_abbrev  0x0000012f      0x3e4 build/pic32cm_mc00_cnano/production/_ext/786950436/plib_dmac.o
 .debug_abbrev  0x00000513      0x1b0 build/pic32cm_mc00_cnano/production/_ext/113162670/plib_eic.o
 .debug_abbrev  0x000006c3       0x3b build/pic32cm_mc00_cnano/production/_ext/1375549995/plib_evsys.o
 .debug_abbrev  0x000006fe      0x1e1 build/pic32cm_mc00_cnano/production/_ext/786643629/plib_nvic.o
 .debug_abbrev  0x000008df      0x2c3 build/pic32cm_mc00_cnano/production/_ext/1554975361/plib_nvmctrl.o
 .debug_abbrev  0x00000ba2      0x1c7 build/pic32cm_mc00_cnano/production/_ext/786590478/plib_port.o
 .debug_abbrev  0x00000d69      0x3bd build/pic32cm_mc00_cnano/production/_ext/1087025796/plib_sercom0_i2c_master.o
 .debug_abbrev  0x00001126      0x2a1 build/pic32cm_mc00_cnano/production/_ext/1914244104/plib_sercom1_usart.o
 .debug_abbrev  0x000013c7      0x226 build/pic32cm_mc00_cnano/production/_ext/127854535/xc32_monitor.o
 .debug_abbrev  0x000015ed      0x253 build/pic32cm_mc00_cnano/production/_ext/612344269/initialization.o
 .debug_abbrev  0x00001840      0x1c5 build/pic32cm_mc00_cnano/production/_ext/612344269/interrupts.o
 .debug_abbrev  0x00001a05      0x1a5 build/pic32cm_mc00_cnano/production/_ext/612344269/exceptions.o
 .debug_abbrev  0x00001baa      0x11f build/pic32cm_mc00_cnano/production/_ext/612344269/startup_xc32.o
 .debug_abbrev  0x00001cc9      0x36e build/pic32cm_mc00_cnano/production/_ext/1360937237/main.o
 .debug_abbrev  0x00002037      0x22c build/pic32cm_mc00_cnano/production/_ext/1360937237/imu.o
 .debug_abbrev  0x00002263       0x2e /Applications/microchip/xc32/v3.01/bin/bin/../../lib/gcc/pic32c/8.3.1/../../../../pic32c/lib/thumb/v6-m/nofp/libpic32c.a(data_init.o)
 .debug_abbrev  0x00002291       0x14 /Applications/microchip/xc32/v3.01/bin/bin/../../lib/gcc/pic32c/8.3.1/thumb/v6-m/nofp/libgcc.a(_udivsi3.o)
 .debug_abbrev  0x000022a5       0x14 /Applications/microchip/xc32/v3.01/bin/bin/../../lib/gcc/pic32c/8.3.1/thumb/v6-m/nofp/libgcc.a(_dvmd_tls.o)
 .debug_abbrev  0x000022b9       0x14 /Applications/microchip/xc32/v3.01/bin/bin/../../lib/gcc/pic32c/8.3.1/thumb/v6-m/nofp/libgcc.a(_arm_cmpdf2.o)
 .debug_abbrev  0x000022cd      0x177 /Applications/microchip/xc32/v3.01/bin/bin/../../lib/gcc/pic32c/8.3.1/thumb/v6-m/nofp/libgcc.a(adddf3.o)
 .debug_abbrev  0x00002444      0x15b /Applications/microchip/xc32/v3.01/bin/bin/../../lib/gcc/pic32c/8.3.1/thumb/v6-m/nofp/libgcc.a(eqdf2.o)
 .debug_abbrev  0x0000259f      0x14c /Applications/microchip/xc32/v3.01/bin/bin/../../lib/gcc/pic32c/8.3.1/thumb/v6-m/nofp/libgcc.a(gedf2.o)
 .debug_abbrev  0x000026eb      0x14c /Applications/microchip/xc32/v3.01/bin/bin/../../lib/gcc/pic32c/8.3.1/thumb/v6-m/nofp/libgcc.a(ledf2.o)
 .debug_abbrev  0x00002837      0x16f /Applications/microchip/xc32/v3.01/bin/bin/../../lib/gcc/pic32c/8.3.1/thumb/v6-m/nofp/libgcc.a(muldf3.o)
 .debug_abbrev  0x000029a6      0x177 /Applications/microchip/xc32/v3.01/bin/bin/../../lib/gcc/pic32c/8.3.1/thumb/v6-m/nofp/libgcc.a(subdf3.o)
 .debug_abbrev  0x00002b1d      0x136 /Applications/microchip/xc32/v3.01/bin/bin/../../lib/gcc/pic32c/8.3.1/thumb/v6-m/nofp/libgcc.a(floatsidf.o)
 .debug_abbrev  0x00002c53       0x14 /Applications/microchip/xc32/v3.01/bin/bin/../../lib/gcc/pic32c/8.3.1/thumb/v6-m/nofp/libgcc.a(_clzsi2.o)
 .debug_abbrev  0x00002c67       0x2e /Applications/microchip/xc32/v3.01/bin/bin/../../lib/gcc/pic32c/8.3.1/../../../../pic32c/lib/thumb/v6-m/nofp/libpic32c.a(_close.o)
 .debug_abbrev  0x00002c95       0x2e /Applications/microchip/xc32/v3.01/bin/bin/../../lib/gcc/pic32c/8.3.1/../../../../pic32c/lib/thumb/v6-m/nofp/libpic32c.a(_fstat.o)
 .debug_abbrev  0x00002cc3       0x2e /Applications/microchip/xc32/v3.01/bin/bin/../../lib/gcc/pic32c/8.3.1/../../../../pic32c/lib/thumb/v6-m/nofp/libpic32c.a(_lseek.o)
 .debug_abbrev  0x00002cf1       0x2e /Applications/microchip/xc32/v3.01/bin/bin/../../lib/gcc/pic32c/8.3.1/../../../../pic32c/lib/thumb/v6-m/nofp/libpic32c.a(_read.o)
 .debug_abbrev  0x00002d1f       0x2e /Applications/microchip/xc32/v3.01/bin/bin/../../lib/gcc/pic32c/8.3.1/../../../../pic32c/lib/thumb/v6-m/nofp/libpic32c.a(sbrk.o)
 .debug_abbrev  0x00002d4d       0x2e /Applications/microchip/xc32/v3.01/bin/bin/../../lib/gcc/pic32c/8.3.1/../../../../pic32c/lib/thumb/v6-m/nofp/libpic32c.a(_write.o)
 .debug_abbrev  0x00002d7b       0x2e /Applications/microchip/xc32/v3.01/bin/bin/../../lib/gcc/pic32c/8.3.1/../../../../pic32c/lib/thumb/v6-m/nofp/libpic32c.a(close.o)
 .debug_abbrev  0x00002da9       0x2e /Applications/microchip/xc32/v3.01/bin/bin/../../lib/gcc/pic32c/8.3.1/../../../../pic32c/lib/thumb/v6-m/nofp/libpic32c.a(fstat.o)
 .debug_abbrev  0x00002dd7       0x2e /Applications/microchip/xc32/v3.01/bin/bin/../../lib/gcc/pic32c/8.3.1/../../../../pic32c/lib/thumb/v6-m/nofp/libpic32c.a(lseek.o)
 .debug_abbrev  0x00002e05       0x2e /Applications/microchip/xc32/v3.01/bin/bin/../../lib/gcc/pic32c/8.3.1/../../../../pic32c/lib/thumb/v6-m/nofp/libpic32c.a(read.o)
 .debug_abbrev  0x00002e33       0x2e /Applications/microchip/xc32/v3.01/bin/bin/../../lib/gcc/pic32c/8.3.1/../../../../pic32c/lib/thumb/v6-m/nofp/libpic32c.a(write.o)
 .debug_abbrev  0x00002e61      0x168 /Applications/microchip/xc32/v3.01/bin/bin/../../lib/gcc/pic32c/8.3.1/thumb/v6-m/nofp/libgcc.a(divdf3.o)
 .debug_abbrev  0x00002fc9      0x14a /Applications/microchip/xc32/v3.01/bin/bin/../../lib/gcc/pic32c/8.3.1/thumb/v6-m/nofp/libgcc.a(unorddf2.o)

.debug_loc      0x00000000     0x968f
 .debug_loc     0x00000000       0x45 build/pic32cm_mc00_cnano/production/_ext/1373400509/plib_clock.o
 .debug_loc     0x00000045      0xa3d build/pic32cm_mc00_cnano/production/_ext/786950436/plib_dmac.o
 .debug_loc     0x00000a82      0x115 build/pic32cm_mc00_cnano/production/_ext/113162670/plib_eic.o
 .debug_loc     0x00000b97       0xde build/pic32cm_mc00_cnano/production/_ext/786643629/plib_nvic.o
 .debug_loc     0x00000c75      0x4dc build/pic32cm_mc00_cnano/production/_ext/1554975361/plib_nvmctrl.o
 .debug_loc     0x00001151      0x226 build/pic32cm_mc00_cnano/production/_ext/786590478/plib_port.o
 .debug_loc     0x00001377      0xad6 build/pic32cm_mc00_cnano/production/_ext/1087025796/plib_sercom0_i2c_master.o
 .debug_loc     0x00001e4d      0x59f build/pic32cm_mc00_cnano/production/_ext/1914244104/plib_sercom1_usart.o
 .debug_loc     0x000023ec       0xbc build/pic32cm_mc00_cnano/production/_ext/127854535/xc32_monitor.o
 .debug_loc     0x000024a8       0x45 build/pic32cm_mc00_cnano/production/_ext/612344269/initialization.o
 .debug_loc     0x000024ed       0x20 build/pic32cm_mc00_cnano/production/_ext/612344269/startup_xc32.o
 .debug_loc     0x0000250d      0x2de build/pic32cm_mc00_cnano/production/_ext/1360937237/main.o
 .debug_loc     0x000027eb      0x3ac build/pic32cm_mc00_cnano/production/_ext/1360937237/imu.o
 .debug_loc     0x00002b97       0x14 /Applications/microchip/xc32/v3.01/bin/bin/../../lib/gcc/pic32c/8.3.1/../../../../pic32c/lib/thumb/v6-m/nofp/libpic32c.a(data_init.o)
 .debug_loc     0x00002bab     0x15b4 /Applications/microchip/xc32/v3.01/bin/bin/../../lib/gcc/pic32c/8.3.1/thumb/v6-m/nofp/libgcc.a(adddf3.o)
 .debug_loc     0x0000415f      0x176 /Applications/microchip/xc32/v3.01/bin/bin/../../lib/gcc/pic32c/8.3.1/thumb/v6-m/nofp/libgcc.a(eqdf2.o)
 .debug_loc     0x000042d5      0x3e0 /Applications/microchip/xc32/v3.01/bin/bin/../../lib/gcc/pic32c/8.3.1/thumb/v6-m/nofp/libgcc.a(gedf2.o)
 .debug_loc     0x000046b5      0x3df /Applications/microchip/xc32/v3.01/bin/bin/../../lib/gcc/pic32c/8.3.1/thumb/v6-m/nofp/libgcc.a(ledf2.o)
 .debug_loc     0x00004a94     0x11a6 /Applications/microchip/xc32/v3.01/bin/bin/../../lib/gcc/pic32c/8.3.1/thumb/v6-m/nofp/libgcc.a(muldf3.o)
 .debug_loc     0x00005c3a     0x192c /Applications/microchip/xc32/v3.01/bin/bin/../../lib/gcc/pic32c/8.3.1/thumb/v6-m/nofp/libgcc.a(subdf3.o)
 .debug_loc     0x00007566      0x26f /Applications/microchip/xc32/v3.01/bin/bin/../../lib/gcc/pic32c/8.3.1/thumb/v6-m/nofp/libgcc.a(floatsidf.o)
 .debug_loc     0x000077d5       0x14 /Applications/microchip/xc32/v3.01/bin/bin/../../lib/gcc/pic32c/8.3.1/../../../../pic32c/lib/thumb/v6-m/nofp/libpic32c.a(_close.o)
 .debug_loc     0x000077e9       0x14 /Applications/microchip/xc32/v3.01/bin/bin/../../lib/gcc/pic32c/8.3.1/../../../../pic32c/lib/thumb/v6-m/nofp/libpic32c.a(_fstat.o)
 .debug_loc     0x000077fd       0x14 /Applications/microchip/xc32/v3.01/bin/bin/../../lib/gcc/pic32c/8.3.1/../../../../pic32c/lib/thumb/v6-m/nofp/libpic32c.a(_lseek.o)
 .debug_loc     0x00007811       0x14 /Applications/microchip/xc32/v3.01/bin/bin/../../lib/gcc/pic32c/8.3.1/../../../../pic32c/lib/thumb/v6-m/nofp/libpic32c.a(_read.o)
 .debug_loc     0x00007825       0x14 /Applications/microchip/xc32/v3.01/bin/bin/../../lib/gcc/pic32c/8.3.1/../../../../pic32c/lib/thumb/v6-m/nofp/libpic32c.a(_write.o)
 .debug_loc     0x00007839       0x14 /Applications/microchip/xc32/v3.01/bin/bin/../../lib/gcc/pic32c/8.3.1/../../../../pic32c/lib/thumb/v6-m/nofp/libpic32c.a(read.o)
 .debug_loc     0x0000784d       0x14 /Applications/microchip/xc32/v3.01/bin/bin/../../lib/gcc/pic32c/8.3.1/../../../../pic32c/lib/thumb/v6-m/nofp/libpic32c.a(write.o)
 .debug_loc     0x00007861     0x1d56 /Applications/microchip/xc32/v3.01/bin/bin/../../lib/gcc/pic32c/8.3.1/thumb/v6-m/nofp/libgcc.a(divdf3.o)
 .debug_loc     0x000095b7       0xd8 /Applications/microchip/xc32/v3.01/bin/bin/../../lib/gcc/pic32c/8.3.1/thumb/v6-m/nofp/libgcc.a(unorddf2.o)

.debug_aranges  0x00000000      0x7a8
 .debug_aranges
                0x00000000       0x20 build/pic32cm_mc00_cnano/production/_ext/1373400509/plib_clock.o
 .debug_aranges
                0x00000020       0x98 build/pic32cm_mc00_cnano/production/_ext/786950436/plib_dmac.o
 .debug_aranges
                0x000000b8       0x40 build/pic32cm_mc00_cnano/production/_ext/113162670/plib_eic.o
 .debug_aranges
                0x000000f8       0x20 build/pic32cm_mc00_cnano/production/_ext/1375549995/plib_evsys.o
 .debug_aranges
                0x00000118       0x38 build/pic32cm_mc00_cnano/production/_ext/786643629/plib_nvic.o
 .debug_aranges
                0x00000150       0x88 build/pic32cm_mc00_cnano/production/_ext/1554975361/plib_nvmctrl.o
 .debug_aranges
                0x000001d8       0x70 build/pic32cm_mc00_cnano/production/_ext/786590478/plib_port.o
 .debug_aranges
                0x00000248       0x68 build/pic32cm_mc00_cnano/production/_ext/1087025796/plib_sercom0_i2c_master.o
 .debug_aranges
                0x000002b0       0x98 build/pic32cm_mc00_cnano/production/_ext/1914244104/plib_sercom1_usart.o
 .debug_aranges
                0x00000348       0x28 build/pic32cm_mc00_cnano/production/_ext/127854535/xc32_monitor.o
 .debug_aranges
                0x00000370       0x20 build/pic32cm_mc00_cnano/production/_ext/612344269/initialization.o
 .debug_aranges
                0x00000390       0x20 build/pic32cm_mc00_cnano/production/_ext/612344269/interrupts.o
 .debug_aranges
                0x000003b0       0x28 build/pic32cm_mc00_cnano/production/_ext/612344269/exceptions.o
 .debug_aranges
                0x000003d8       0x28 build/pic32cm_mc00_cnano/production/_ext/612344269/startup_xc32.o
 .debug_aranges
                0x00000400       0x30 build/pic32cm_mc00_cnano/production/_ext/1360937237/main.o
 .debug_aranges
                0x00000430       0x58 build/pic32cm_mc00_cnano/production/_ext/1360937237/imu.o
 .debug_aranges
                0x00000488       0x20 /Applications/microchip/xc32/v3.01/bin/bin/../../lib/gcc/pic32c/8.3.1/../../../../pic32c/lib/thumb/v6-m/nofp/libpic32c.a(data_init.o)
 .debug_aranges
                0x000004a8       0x20 /Applications/microchip/xc32/v3.01/bin/bin/../../lib/gcc/pic32c/8.3.1/thumb/v6-m/nofp/libgcc.a(_udivsi3.o)
 .debug_aranges
                0x000004c8       0x20 /Applications/microchip/xc32/v3.01/bin/bin/../../lib/gcc/pic32c/8.3.1/thumb/v6-m/nofp/libgcc.a(_dvmd_tls.o)
 .debug_aranges
                0x000004e8       0x20 /Applications/microchip/xc32/v3.01/bin/bin/../../lib/gcc/pic32c/8.3.1/thumb/v6-m/nofp/libgcc.a(_arm_cmpdf2.o)
 .debug_aranges
                0x00000508       0x20 /Applications/microchip/xc32/v3.01/bin/bin/../../lib/gcc/pic32c/8.3.1/thumb/v6-m/nofp/libgcc.a(adddf3.o)
 .debug_aranges
                0x00000528       0x20 /Applications/microchip/xc32/v3.01/bin/bin/../../lib/gcc/pic32c/8.3.1/thumb/v6-m/nofp/libgcc.a(eqdf2.o)
 .debug_aranges
                0x00000548       0x20 /Applications/microchip/xc32/v3.01/bin/bin/../../lib/gcc/pic32c/8.3.1/thumb/v6-m/nofp/libgcc.a(gedf2.o)
 .debug_aranges
                0x00000568       0x20 /Applications/microchip/xc32/v3.01/bin/bin/../../lib/gcc/pic32c/8.3.1/thumb/v6-m/nofp/libgcc.a(ledf2.o)
 .debug_aranges
                0x00000588       0x20 /Applications/microchip/xc32/v3.01/bin/bin/../../lib/gcc/pic32c/8.3.1/thumb/v6-m/nofp/libgcc.a(muldf3.o)
 .debug_aranges
                0x000005a8       0x20 /Applications/microchip/xc32/v3.01/bin/bin/../../lib/gcc/pic32c/8.3.1/thumb/v6-m/nofp/libgcc.a(subdf3.o)
 .debug_aranges
                0x000005c8       0x20 /Applications/microchip/xc32/v3.01/bin/bin/../../lib/gcc/pic32c/8.3.1/thumb/v6-m/nofp/libgcc.a(floatsidf.o)
 .debug_aranges
                0x000005e8       0x20 /Applications/microchip/xc32/v3.01/bin/bin/../../lib/gcc/pic32c/8.3.1/thumb/v6-m/nofp/libgcc.a(_clzsi2.o)
 .debug_aranges
                0x00000608       0x20 /Applications/microchip/xc32/v3.01/bin/bin/../../lib/gcc/pic32c/8.3.1/../../../../pic32c/lib/thumb/v6-m/nofp/libpic32c.a(_close.o)
 .debug_aranges
                0x00000628       0x20 /Applications/microchip/xc32/v3.01/bin/bin/../../lib/gcc/pic32c/8.3.1/../../../../pic32c/lib/thumb/v6-m/nofp/libpic32c.a(_fstat.o)
 .debug_aranges
                0x00000648       0x20 /Applications/microchip/xc32/v3.01/bin/bin/../../lib/gcc/pic32c/8.3.1/../../../../pic32c/lib/thumb/v6-m/nofp/libpic32c.a(_lseek.o)
 .debug_aranges
                0x00000668       0x20 /Applications/microchip/xc32/v3.01/bin/bin/../../lib/gcc/pic32c/8.3.1/../../../../pic32c/lib/thumb/v6-m/nofp/libpic32c.a(_read.o)
 .debug_aranges
                0x00000688       0x20 /Applications/microchip/xc32/v3.01/bin/bin/../../lib/gcc/pic32c/8.3.1/../../../../pic32c/lib/thumb/v6-m/nofp/libpic32c.a(sbrk.o)
 .debug_aranges
                0x000006a8       0x20 /Applications/microchip/xc32/v3.01/bin/bin/../../lib/gcc/pic32c/8.3.1/../../../../pic32c/lib/thumb/v6-m/nofp/libpic32c.a(_write.o)
 .debug_aranges
                0x000006c8       0x20 /Applications/microchip/xc32/v3.01/bin/bin/../../lib/gcc/pic32c/8.3.1/../../../../pic32c/lib/thumb/v6-m/nofp/libpic32c.a(close.o)
 .debug_aranges
                0x000006e8       0x20 /Applications/microchip/xc32/v3.01/bin/bin/../../lib/gcc/pic32c/8.3.1/../../../../pic32c/lib/thumb/v6-m/nofp/libpic32c.a(fstat.o)
 .debug_aranges
                0x00000708       0x20 /Applications/microchip/xc32/v3.01/bin/bin/../../lib/gcc/pic32c/8.3.1/../../../../pic32c/lib/thumb/v6-m/nofp/libpic32c.a(lseek.o)
 .debug_aranges
                0x00000728       0x20 /Applications/microchip/xc32/v3.01/bin/bin/../../lib/gcc/pic32c/8.3.1/../../../../pic32c/lib/thumb/v6-m/nofp/libpic32c.a(read.o)
 .debug_aranges
                0x00000748       0x20 /Applications/microchip/xc32/v3.01/bin/bin/../../lib/gcc/pic32c/8.3.1/../../../../pic32c/lib/thumb/v6-m/nofp/libpic32c.a(write.o)
 .debug_aranges
                0x00000768       0x20 /Applications/microchip/xc32/v3.01/bin/bin/../../lib/gcc/pic32c/8.3.1/thumb/v6-m/nofp/libgcc.a(divdf3.o)
 .debug_aranges
                0x00000788       0x20 /Applications/microchip/xc32/v3.01/bin/bin/../../lib/gcc/pic32c/8.3.1/thumb/v6-m/nofp/libgcc.a(unorddf2.o)

.debug_ranges   0x00000000      0xeb8
 .debug_ranges  0x00000000       0x10 build/pic32cm_mc00_cnano/production/_ext/1373400509/plib_clock.o
 .debug_ranges  0x00000010       0xa0 build/pic32cm_mc00_cnano/production/_ext/786950436/plib_dmac.o
 .debug_ranges  0x000000b0       0x30 build/pic32cm_mc00_cnano/production/_ext/113162670/plib_eic.o
 .debug_ranges  0x000000e0       0x10 build/pic32cm_mc00_cnano/production/_ext/1375549995/plib_evsys.o
 .debug_ranges  0x000000f0       0x28 build/pic32cm_mc00_cnano/production/_ext/786643629/plib_nvic.o
 .debug_ranges  0x00000118       0x78 build/pic32cm_mc00_cnano/production/_ext/1554975361/plib_nvmctrl.o
 .debug_ranges  0x00000190       0x60 build/pic32cm_mc00_cnano/production/_ext/786590478/plib_port.o
 .debug_ranges  0x000001f0       0xd8 build/pic32cm_mc00_cnano/production/_ext/1087025796/plib_sercom0_i2c_master.o
 .debug_ranges  0x000002c8       0x88 build/pic32cm_mc00_cnano/production/_ext/1914244104/plib_sercom1_usart.o
 .debug_ranges  0x00000350       0x18 build/pic32cm_mc00_cnano/production/_ext/127854535/xc32_monitor.o
 .debug_ranges  0x00000368       0x10 build/pic32cm_mc00_cnano/production/_ext/612344269/initialization.o
 .debug_ranges  0x00000378       0x10 build/pic32cm_mc00_cnano/production/_ext/612344269/interrupts.o
 .debug_ranges  0x00000388       0x18 build/pic32cm_mc00_cnano/production/_ext/612344269/exceptions.o
 .debug_ranges  0x000003a0       0x18 build/pic32cm_mc00_cnano/production/_ext/612344269/startup_xc32.o
 .debug_ranges  0x000003b8       0x38 build/pic32cm_mc00_cnano/production/_ext/1360937237/main.o
 .debug_ranges  0x000003f0       0x48 build/pic32cm_mc00_cnano/production/_ext/1360937237/imu.o
 .debug_ranges  0x00000438       0x10 /Applications/microchip/xc32/v3.01/bin/bin/../../lib/gcc/pic32c/8.3.1/../../../../pic32c/lib/thumb/v6-m/nofp/libpic32c.a(data_init.o)
 .debug_ranges  0x00000448      0x248 /Applications/microchip/xc32/v3.01/bin/bin/../../lib/gcc/pic32c/8.3.1/thumb/v6-m/nofp/libgcc.a(adddf3.o)
 .debug_ranges  0x00000690       0x48 /Applications/microchip/xc32/v3.01/bin/bin/../../lib/gcc/pic32c/8.3.1/thumb/v6-m/nofp/libgcc.a(eqdf2.o)
 .debug_ranges  0x000006d8       0x70 /Applications/microchip/xc32/v3.01/bin/bin/../../lib/gcc/pic32c/8.3.1/thumb/v6-m/nofp/libgcc.a(gedf2.o)
 .debug_ranges  0x00000748       0x68 /Applications/microchip/xc32/v3.01/bin/bin/../../lib/gcc/pic32c/8.3.1/thumb/v6-m/nofp/libgcc.a(ledf2.o)
 .debug_ranges  0x000007b0      0x1d0 /Applications/microchip/xc32/v3.01/bin/bin/../../lib/gcc/pic32c/8.3.1/thumb/v6-m/nofp/libgcc.a(muldf3.o)
 .debug_ranges  0x00000980      0x238 /Applications/microchip/xc32/v3.01/bin/bin/../../lib/gcc/pic32c/8.3.1/thumb/v6-m/nofp/libgcc.a(subdf3.o)
 .debug_ranges  0x00000bb8       0x50 /Applications/microchip/xc32/v3.01/bin/bin/../../lib/gcc/pic32c/8.3.1/thumb/v6-m/nofp/libgcc.a(floatsidf.o)
 .debug_ranges  0x00000c08       0x10 /Applications/microchip/xc32/v3.01/bin/bin/../../lib/gcc/pic32c/8.3.1/../../../../pic32c/lib/thumb/v6-m/nofp/libpic32c.a(_close.o)
 .debug_ranges  0x00000c18       0x10 /Applications/microchip/xc32/v3.01/bin/bin/../../lib/gcc/pic32c/8.3.1/../../../../pic32c/lib/thumb/v6-m/nofp/libpic32c.a(_fstat.o)
 .debug_ranges  0x00000c28       0x10 /Applications/microchip/xc32/v3.01/bin/bin/../../lib/gcc/pic32c/8.3.1/../../../../pic32c/lib/thumb/v6-m/nofp/libpic32c.a(_lseek.o)
 .debug_ranges  0x00000c38       0x10 /Applications/microchip/xc32/v3.01/bin/bin/../../lib/gcc/pic32c/8.3.1/../../../../pic32c/lib/thumb/v6-m/nofp/libpic32c.a(_read.o)
 .debug_ranges  0x00000c48       0x10 /Applications/microchip/xc32/v3.01/bin/bin/../../lib/gcc/pic32c/8.3.1/../../../../pic32c/lib/thumb/v6-m/nofp/libpic32c.a(sbrk.o)
 .debug_ranges  0x00000c58       0x10 /Applications/microchip/xc32/v3.01/bin/bin/../../lib/gcc/pic32c/8.3.1/../../../../pic32c/lib/thumb/v6-m/nofp/libpic32c.a(_write.o)
 .debug_ranges  0x00000c68       0x10 /Applications/microchip/xc32/v3.01/bin/bin/../../lib/gcc/pic32c/8.3.1/../../../../pic32c/lib/thumb/v6-m/nofp/libpic32c.a(close.o)
 .debug_ranges  0x00000c78       0x10 /Applications/microchip/xc32/v3.01/bin/bin/../../lib/gcc/pic32c/8.3.1/../../../../pic32c/lib/thumb/v6-m/nofp/libpic32c.a(fstat.o)
 .debug_ranges  0x00000c88       0x10 /Applications/microchip/xc32/v3.01/bin/bin/../../lib/gcc/pic32c/8.3.1/../../../../pic32c/lib/thumb/v6-m/nofp/libpic32c.a(lseek.o)
 .debug_ranges  0x00000c98       0x10 /Applications/microchip/xc32/v3.01/bin/bin/../../lib/gcc/pic32c/8.3.1/../../../../pic32c/lib/thumb/v6-m/nofp/libpic32c.a(read.o)
 .debug_ranges  0x00000ca8       0x10 /Applications/microchip/xc32/v3.01/bin/bin/../../lib/gcc/pic32c/8.3.1/../../../../pic32c/lib/thumb/v6-m/nofp/libpic32c.a(write.o)
 .debug_ranges  0x00000cb8      0x1b8 /Applications/microchip/xc32/v3.01/bin/bin/../../lib/gcc/pic32c/8.3.1/thumb/v6-m/nofp/libgcc.a(divdf3.o)
 .debug_ranges  0x00000e70       0x48 /Applications/microchip/xc32/v3.01/bin/bin/../../lib/gcc/pic32c/8.3.1/thumb/v6-m/nofp/libgcc.a(unorddf2.o)

.debug_line     0x00000000     0x5f27
 .debug_line    0x00000000      0x258 build/pic32cm_mc00_cnano/production/_ext/1373400509/plib_clock.o
 .debug_line    0x00000258      0x775 build/pic32cm_mc00_cnano/production/_ext/786950436/plib_dmac.o
 .debug_line    0x000009cd      0x2f3 build/pic32cm_mc00_cnano/production/_ext/113162670/plib_eic.o
 .debug_line    0x00000cc0       0x71 build/pic32cm_mc00_cnano/production/_ext/1375549995/plib_evsys.o
 .debug_line    0x00000d31      0x384 build/pic32cm_mc00_cnano/production/_ext/786643629/plib_nvic.o
 .debug_line    0x000010b5      0x45b build/pic32cm_mc00_cnano/production/_ext/1554975361/plib_nvmctrl.o
 .debug_line    0x00001510      0x30f build/pic32cm_mc00_cnano/production/_ext/786590478/plib_port.o
 .debug_line    0x0000181f      0x821 build/pic32cm_mc00_cnano/production/_ext/1087025796/plib_sercom0_i2c_master.o
 .debug_line    0x00002040      0x6a8 build/pic32cm_mc00_cnano/production/_ext/1914244104/plib_sercom1_usart.o
 .debug_line    0x000026e8      0x1a1 build/pic32cm_mc00_cnano/production/_ext/127854535/xc32_monitor.o
 .debug_line    0x00002889      0x485 build/pic32cm_mc00_cnano/production/_ext/612344269/initialization.o
 .debug_line    0x00002d0e      0x176 build/pic32cm_mc00_cnano/production/_ext/612344269/interrupts.o
 .debug_line    0x00002e84      0x11c build/pic32cm_mc00_cnano/production/_ext/612344269/exceptions.o
 .debug_line    0x00002fa0      0x1a5 build/pic32cm_mc00_cnano/production/_ext/612344269/startup_xc32.o
 .debug_line    0x00003145      0x419 build/pic32cm_mc00_cnano/production/_ext/1360937237/main.o
 .debug_line    0x0000355e      0x475 build/pic32cm_mc00_cnano/production/_ext/1360937237/imu.o
 .debug_line    0x000039d3      0x132 /Applications/microchip/xc32/v3.01/bin/bin/../../lib/gcc/pic32c/8.3.1/../../../../pic32c/lib/thumb/v6-m/nofp/libpic32c.a(data_init.o)
 .debug_line    0x00003b05       0xa8 /Applications/microchip/xc32/v3.01/bin/bin/../../lib/gcc/pic32c/8.3.1/thumb/v6-m/nofp/libgcc.a(_udivsi3.o)
 .debug_line    0x00003bad       0x9c /Applications/microchip/xc32/v3.01/bin/bin/../../lib/gcc/pic32c/8.3.1/thumb/v6-m/nofp/libgcc.a(_dvmd_tls.o)
 .debug_line    0x00003c49       0xb4 /Applications/microchip/xc32/v3.01/bin/bin/../../lib/gcc/pic32c/8.3.1/thumb/v6-m/nofp/libgcc.a(_arm_cmpdf2.o)
 .debug_line    0x00003cfd      0x4ed /Applications/microchip/xc32/v3.01/bin/bin/../../lib/gcc/pic32c/8.3.1/thumb/v6-m/nofp/libgcc.a(adddf3.o)
 .debug_line    0x000041ea      0x187 /Applications/microchip/xc32/v3.01/bin/bin/../../lib/gcc/pic32c/8.3.1/thumb/v6-m/nofp/libgcc.a(eqdf2.o)
 .debug_line    0x00004371      0x1ca /Applications/microchip/xc32/v3.01/bin/bin/../../lib/gcc/pic32c/8.3.1/thumb/v6-m/nofp/libgcc.a(gedf2.o)
 .debug_line    0x0000453b      0x1c6 /Applications/microchip/xc32/v3.01/bin/bin/../../lib/gcc/pic32c/8.3.1/thumb/v6-m/nofp/libgcc.a(ledf2.o)
 .debug_line    0x00004701      0x3b3 /Applications/microchip/xc32/v3.01/bin/bin/../../lib/gcc/pic32c/8.3.1/thumb/v6-m/nofp/libgcc.a(muldf3.o)
 .debug_line    0x00004ab4      0x50d /Applications/microchip/xc32/v3.01/bin/bin/../../lib/gcc/pic32c/8.3.1/thumb/v6-m/nofp/libgcc.a(subdf3.o)
 .debug_line    0x00004fc1      0x179 /Applications/microchip/xc32/v3.01/bin/bin/../../lib/gcc/pic32c/8.3.1/thumb/v6-m/nofp/libgcc.a(floatsidf.o)
 .debug_line    0x0000513a       0xb0 /Applications/microchip/xc32/v3.01/bin/bin/../../lib/gcc/pic32c/8.3.1/thumb/v6-m/nofp/libgcc.a(_clzsi2.o)
 .debug_line    0x000051ea       0xa2 /Applications/microchip/xc32/v3.01/bin/bin/../../lib/gcc/pic32c/8.3.1/../../../../pic32c/lib/thumb/v6-m/nofp/libpic32c.a(_close.o)
 .debug_line    0x0000528c       0xa2 /Applications/microchip/xc32/v3.01/bin/bin/../../lib/gcc/pic32c/8.3.1/../../../../pic32c/lib/thumb/v6-m/nofp/libpic32c.a(_fstat.o)
 .debug_line    0x0000532e       0xa2 /Applications/microchip/xc32/v3.01/bin/bin/../../lib/gcc/pic32c/8.3.1/../../../../pic32c/lib/thumb/v6-m/nofp/libpic32c.a(_lseek.o)
 .debug_line    0x000053d0       0xa1 /Applications/microchip/xc32/v3.01/bin/bin/../../lib/gcc/pic32c/8.3.1/../../../../pic32c/lib/thumb/v6-m/nofp/libpic32c.a(_read.o)
 .debug_line    0x00005471       0xb5 /Applications/microchip/xc32/v3.01/bin/bin/../../lib/gcc/pic32c/8.3.1/../../../../pic32c/lib/thumb/v6-m/nofp/libpic32c.a(sbrk.o)
 .debug_line    0x00005526       0xa2 /Applications/microchip/xc32/v3.01/bin/bin/../../lib/gcc/pic32c/8.3.1/../../../../pic32c/lib/thumb/v6-m/nofp/libpic32c.a(_write.o)
 .debug_line    0x000055c8       0xa1 /Applications/microchip/xc32/v3.01/bin/bin/../../lib/gcc/pic32c/8.3.1/../../../../pic32c/lib/thumb/v6-m/nofp/libpic32c.a(close.o)
 .debug_line    0x00005669      0x10c /Applications/microchip/xc32/v3.01/bin/bin/../../lib/gcc/pic32c/8.3.1/../../../../pic32c/lib/thumb/v6-m/nofp/libpic32c.a(fstat.o)
 .debug_line    0x00005775       0x9e /Applications/microchip/xc32/v3.01/bin/bin/../../lib/gcc/pic32c/8.3.1/../../../../pic32c/lib/thumb/v6-m/nofp/libpic32c.a(lseek.o)
 .debug_line    0x00005813       0xb8 /Applications/microchip/xc32/v3.01/bin/bin/../../lib/gcc/pic32c/8.3.1/../../../../pic32c/lib/thumb/v6-m/nofp/libpic32c.a(read.o)
 .debug_line    0x000058cb       0xc5 /Applications/microchip/xc32/v3.01/bin/bin/../../lib/gcc/pic32c/8.3.1/../../../../pic32c/lib/thumb/v6-m/nofp/libpic32c.a(write.o)
 .debug_line    0x00005990      0x421 /Applications/microchip/xc32/v3.01/bin/bin/../../lib/gcc/pic32c/8.3.1/thumb/v6-m/nofp/libgcc.a(divdf3.o)
 .debug_line    0x00005db1      0x176 /Applications/microchip/xc32/v3.01/bin/bin/../../lib/gcc/pic32c/8.3.1/thumb/v6-m/nofp/libgcc.a(unorddf2.o)

.debug_str      0x00000000      0xad0
 .debug_str     0x00000000       0x1e build/pic32cm_mc00_cnano/production/_ext/1373400509/plib_clock.o
 .debug_str     0x0000001e       0x51 build/pic32cm_mc00_cnano/production/_ext/786950436/plib_dmac.o
 .debug_str     0x0000006f        0x9 build/pic32cm_mc00_cnano/production/_ext/113162670/plib_eic.o
 .debug_str     0x00000078        0x0 build/pic32cm_mc00_cnano/production/_ext/1375549995/plib_evsys.o
 .debug_str     0x00000078        0xa build/pic32cm_mc00_cnano/production/_ext/786643629/plib_nvic.o
 .debug_str     0x00000082       0x1f build/pic32cm_mc00_cnano/production/_ext/1554975361/plib_nvmctrl.o
 .debug_str     0x000000a1        0xb build/pic32cm_mc00_cnano/production/_ext/786590478/plib_port.o
 .debug_str     0x000000ac      0x157 build/pic32cm_mc00_cnano/production/_ext/1087025796/plib_sercom0_i2c_master.o
 .debug_str     0x00000203      0x105 build/pic32cm_mc00_cnano/production/_ext/1914244104/plib_sercom1_usart.o
 .debug_str     0x00000308       0x35 build/pic32cm_mc00_cnano/production/_ext/127854535/xc32_monitor.o
 .debug_str     0x0000033d       0xb2 build/pic32cm_mc00_cnano/production/_ext/612344269/initialization.o
 .debug_str     0x000003ef        0xe build/pic32cm_mc00_cnano/production/_ext/612344269/interrupts.o
 .debug_str     0x000003fd        0xe build/pic32cm_mc00_cnano/production/_ext/612344269/exceptions.o
 .debug_str     0x0000040b       0x2f build/pic32cm_mc00_cnano/production/_ext/612344269/startup_xc32.o
 .debug_str     0x0000043a       0xbf build/pic32cm_mc00_cnano/production/_ext/1360937237/main.o
 .debug_str     0x000004f9       0xa9 build/pic32cm_mc00_cnano/production/_ext/1360937237/imu.o
 .debug_str     0x000005a2        0x0 /Applications/microchip/xc32/v3.01/bin/bin/../../lib/gcc/pic32c/8.3.1/../../../../pic32c/lib/thumb/v6-m/nofp/libpic32c.a(data_init.o)
 .debug_str     0x000005a2       0xee /Applications/microchip/xc32/v3.01/bin/bin/../../lib/gcc/pic32c/8.3.1/thumb/v6-m/nofp/libgcc.a(_udivsi3.o)
 .debug_str     0x00000690       0xee /Applications/microchip/xc32/v3.01/bin/bin/../../lib/gcc/pic32c/8.3.1/thumb/v6-m/nofp/libgcc.a(_dvmd_tls.o)
 .debug_str     0x0000077e       0xee /Applications/microchip/xc32/v3.01/bin/bin/../../lib/gcc/pic32c/8.3.1/thumb/v6-m/nofp/libgcc.a(_arm_cmpdf2.o)
 .debug_str     0x0000086c       0x2c /Applications/microchip/xc32/v3.01/bin/bin/../../lib/gcc/pic32c/8.3.1/thumb/v6-m/nofp/libgcc.a(adddf3.o)
 .debug_str     0x00000898       0x26 /Applications/microchip/xc32/v3.01/bin/bin/../../lib/gcc/pic32c/8.3.1/thumb/v6-m/nofp/libgcc.a(eqdf2.o)
 .debug_str     0x000008be       0x26 /Applications/microchip/xc32/v3.01/bin/bin/../../lib/gcc/pic32c/8.3.1/thumb/v6-m/nofp/libgcc.a(gedf2.o)
 .debug_str     0x000008e4       0x26 /Applications/microchip/xc32/v3.01/bin/bin/../../lib/gcc/pic32c/8.3.1/thumb/v6-m/nofp/libgcc.a(ledf2.o)
 .debug_str     0x0000090a       0x56 /Applications/microchip/xc32/v3.01/bin/bin/../../lib/gcc/pic32c/8.3.1/thumb/v6-m/nofp/libgcc.a(muldf3.o)
 .debug_str     0x00000960       0x2c /Applications/microchip/xc32/v3.01/bin/bin/../../lib/gcc/pic32c/8.3.1/thumb/v6-m/nofp/libgcc.a(subdf3.o)
 .debug_str     0x0000098c        0x0 /Applications/microchip/xc32/v3.01/bin/bin/../../lib/gcc/pic32c/8.3.1/thumb/v6-m/nofp/libgcc.a(floatsidf.o)
 .debug_str     0x0000098c       0xee /Applications/microchip/xc32/v3.01/bin/bin/../../lib/gcc/pic32c/8.3.1/thumb/v6-m/nofp/libgcc.a(_clzsi2.o)
 .debug_str     0x00000a7a        0x0 /Applications/microchip/xc32/v3.01/bin/bin/../../lib/gcc/pic32c/8.3.1/../../../../pic32c/lib/thumb/v6-m/nofp/libpic32c.a(_close.o)
 .debug_str     0x00000a7a        0x0 /Applications/microchip/xc32/v3.01/bin/bin/../../lib/gcc/pic32c/8.3.1/../../../../pic32c/lib/thumb/v6-m/nofp/libpic32c.a(_fstat.o)
 .debug_str     0x00000a7a        0x0 /Applications/microchip/xc32/v3.01/bin/bin/../../lib/gcc/pic32c/8.3.1/../../../../pic32c/lib/thumb/v6-m/nofp/libpic32c.a(_lseek.o)
 .debug_str     0x00000a7a        0x0 /Applications/microchip/xc32/v3.01/bin/bin/../../lib/gcc/pic32c/8.3.1/../../../../pic32c/lib/thumb/v6-m/nofp/libpic32c.a(_read.o)
 .debug_str     0x00000a7a        0x0 /Applications/microchip/xc32/v3.01/bin/bin/../../lib/gcc/pic32c/8.3.1/../../../../pic32c/lib/thumb/v6-m/nofp/libpic32c.a(sbrk.o)
 .debug_str     0x00000a7a        0x0 /Applications/microchip/xc32/v3.01/bin/bin/../../lib/gcc/pic32c/8.3.1/../../../../pic32c/lib/thumb/v6-m/nofp/libpic32c.a(_write.o)
 .debug_str     0x00000a7a        0x0 /Applications/microchip/xc32/v3.01/bin/bin/../../lib/gcc/pic32c/8.3.1/../../../../pic32c/lib/thumb/v6-m/nofp/libpic32c.a(close.o)
 .debug_str     0x00000a7a        0x0 /Applications/microchip/xc32/v3.01/bin/bin/../../lib/gcc/pic32c/8.3.1/../../../../pic32c/lib/thumb/v6-m/nofp/libpic32c.a(fstat.o)
 .debug_str     0x00000a7a        0x0 /Applications/microchip/xc32/v3.01/bin/bin/../../lib/gcc/pic32c/8.3.1/../../../../pic32c/lib/thumb/v6-m/nofp/libpic32c.a(lseek.o)
 .debug_str     0x00000a7a        0x0 /Applications/microchip/xc32/v3.01/bin/bin/../../lib/gcc/pic32c/8.3.1/../../../../pic32c/lib/thumb/v6-m/nofp/libpic32c.a(read.o)
 .debug_str     0x00000a7a        0x0 /Applications/microchip/xc32/v3.01/bin/bin/../../lib/gcc/pic32c/8.3.1/../../../../pic32c/lib/thumb/v6-m/nofp/libpic32c.a(write.o)
 .debug_str     0x00000a7a       0x30 /Applications/microchip/xc32/v3.01/bin/bin/../../lib/gcc/pic32c/8.3.1/thumb/v6-m/nofp/libgcc.a(divdf3.o)
 .debug_str     0x00000aaa       0x26 /Applications/microchip/xc32/v3.01/bin/bin/../../lib/gcc/pic32c/8.3.1/thumb/v6-m/nofp/libgcc.a(unorddf2.o)

.debug_frame    0x00000000      0xca8
 .debug_frame   0x00000000       0x20 build/pic32cm_mc00_cnano/production/_ext/1373400509/plib_clock.o
 .debug_frame   0x00000020      0x178 build/pic32cm_mc00_cnano/production/_ext/786950436/plib_dmac.o
 .debug_frame   0x00000198       0x88 build/pic32cm_mc00_cnano/production/_ext/113162670/plib_eic.o
 .debug_frame   0x00000220       0x20 build/pic32cm_mc00_cnano/production/_ext/1375549995/plib_evsys.o
 .debug_frame   0x00000240       0x50 build/pic32cm_mc00_cnano/production/_ext/786643629/plib_nvic.o
 .debug_frame   0x00000290      0x124 build/pic32cm_mc00_cnano/production/_ext/1554975361/plib_nvmctrl.o
 .debug_frame   0x000003b4       0xcc build/pic32cm_mc00_cnano/production/_ext/786590478/plib_port.o
 .debug_frame   0x00000480       0xe8 build/pic32cm_mc00_cnano/production/_ext/1087025796/plib_sercom0_i2c_master.o
 .debug_frame   0x00000568      0x140 build/pic32cm_mc00_cnano/production/_ext/1914244104/plib_sercom1_usart.o
 .debug_frame   0x000006a8       0x40 build/pic32cm_mc00_cnano/production/_ext/127854535/xc32_monitor.o
 .debug_frame   0x000006e8       0x28 build/pic32cm_mc00_cnano/production/_ext/612344269/initialization.o
 .debug_frame   0x00000710       0x20 build/pic32cm_mc00_cnano/production/_ext/612344269/interrupts.o
 .debug_frame   0x00000730       0x30 build/pic32cm_mc00_cnano/production/_ext/612344269/exceptions.o
 .debug_frame   0x00000760       0x38 build/pic32cm_mc00_cnano/production/_ext/612344269/startup_xc32.o
 .debug_frame   0x00000798       0x60 build/pic32cm_mc00_cnano/production/_ext/1360937237/main.o
 .debug_frame   0x000007f8       0xd0 build/pic32cm_mc00_cnano/production/_ext/1360937237/imu.o
 .debug_frame   0x000008c8       0x34 /Applications/microchip/xc32/v3.01/bin/bin/../../lib/gcc/pic32c/8.3.1/../../../../pic32c/lib/thumb/v6-m/nofp/libpic32c.a(data_init.o)
 .debug_frame   0x000008fc       0x20 /Applications/microchip/xc32/v3.01/bin/bin/../../lib/gcc/pic32c/8.3.1/thumb/v6-m/nofp/libgcc.a(_udivsi3.o)
 .debug_frame   0x0000091c       0x38 /Applications/microchip/xc32/v3.01/bin/bin/../../lib/gcc/pic32c/8.3.1/thumb/v6-m/nofp/libgcc.a(adddf3.o)
 .debug_frame   0x00000954       0x38 /Applications/microchip/xc32/v3.01/bin/bin/../../lib/gcc/pic32c/8.3.1/thumb/v6-m/nofp/libgcc.a(eqdf2.o)
 .debug_frame   0x0000098c       0x38 /Applications/microchip/xc32/v3.01/bin/bin/../../lib/gcc/pic32c/8.3.1/thumb/v6-m/nofp/libgcc.a(gedf2.o)
 .debug_frame   0x000009c4       0x38 /Applications/microchip/xc32/v3.01/bin/bin/../../lib/gcc/pic32c/8.3.1/thumb/v6-m/nofp/libgcc.a(ledf2.o)
 .debug_frame   0x000009fc       0x3c /Applications/microchip/xc32/v3.01/bin/bin/../../lib/gcc/pic32c/8.3.1/thumb/v6-m/nofp/libgcc.a(muldf3.o)
 .debug_frame   0x00000a38       0x3c /Applications/microchip/xc32/v3.01/bin/bin/../../lib/gcc/pic32c/8.3.1/thumb/v6-m/nofp/libgcc.a(subdf3.o)
 .debug_frame   0x00000a74       0x2c /Applications/microchip/xc32/v3.01/bin/bin/../../lib/gcc/pic32c/8.3.1/thumb/v6-m/nofp/libgcc.a(floatsidf.o)
 .debug_frame   0x00000aa0       0x28 /Applications/microchip/xc32/v3.01/bin/bin/../../lib/gcc/pic32c/8.3.1/../../../../pic32c/lib/thumb/v6-m/nofp/libpic32c.a(_close.o)
 .debug_frame   0x00000ac8       0x28 /Applications/microchip/xc32/v3.01/bin/bin/../../lib/gcc/pic32c/8.3.1/../../../../pic32c/lib/thumb/v6-m/nofp/libpic32c.a(_fstat.o)
 .debug_frame   0x00000af0       0x28 /Applications/microchip/xc32/v3.01/bin/bin/../../lib/gcc/pic32c/8.3.1/../../../../pic32c/lib/thumb/v6-m/nofp/libpic32c.a(_lseek.o)
 .debug_frame   0x00000b18       0x28 /Applications/microchip/xc32/v3.01/bin/bin/../../lib/gcc/pic32c/8.3.1/../../../../pic32c/lib/thumb/v6-m/nofp/libpic32c.a(_read.o)
 .debug_frame   0x00000b40       0x20 /Applications/microchip/xc32/v3.01/bin/bin/../../lib/gcc/pic32c/8.3.1/../../../../pic32c/lib/thumb/v6-m/nofp/libpic32c.a(sbrk.o)
 .debug_frame   0x00000b60       0x28 /Applications/microchip/xc32/v3.01/bin/bin/../../lib/gcc/pic32c/8.3.1/../../../../pic32c/lib/thumb/v6-m/nofp/libpic32c.a(_write.o)
 .debug_frame   0x00000b88       0x20 /Applications/microchip/xc32/v3.01/bin/bin/../../lib/gcc/pic32c/8.3.1/../../../../pic32c/lib/thumb/v6-m/nofp/libpic32c.a(close.o)
 .debug_frame   0x00000ba8       0x20 /Applications/microchip/xc32/v3.01/bin/bin/../../lib/gcc/pic32c/8.3.1/../../../../pic32c/lib/thumb/v6-m/nofp/libpic32c.a(fstat.o)
 .debug_frame   0x00000bc8       0x20 /Applications/microchip/xc32/v3.01/bin/bin/../../lib/gcc/pic32c/8.3.1/../../../../pic32c/lib/thumb/v6-m/nofp/libpic32c.a(lseek.o)
 .debug_frame   0x00000be8       0x2c /Applications/microchip/xc32/v3.01/bin/bin/../../lib/gcc/pic32c/8.3.1/../../../../pic32c/lib/thumb/v6-m/nofp/libpic32c.a(read.o)
 .debug_frame   0x00000c14       0x2c /Applications/microchip/xc32/v3.01/bin/bin/../../lib/gcc/pic32c/8.3.1/../../../../pic32c/lib/thumb/v6-m/nofp/libpic32c.a(write.o)
 .debug_frame   0x00000c40       0x3c /Applications/microchip/xc32/v3.01/bin/bin/../../lib/gcc/pic32c/8.3.1/thumb/v6-m/nofp/libgcc.a(divdf3.o)
 .debug_frame   0x00000c7c       0x2c /Applications/microchip/xc32/v3.01/bin/bin/../../lib/gcc/pic32c/8.3.1/thumb/v6-m/nofp/libgcc.a(unorddf2.o)

.stack          0x20000430      0x100
 .stack         0x20000430      0x100 stack

.bss.eicCallbackObject%1
                0x20000004       0xc0
 .bss.eicCallbackObject
                0x20000004       0xc0 build/pic32cm_mc00_cnano/production/_ext/113162670/plib_eic.o
                0x20000004                eicCallbackObject

.data.impure_data%2
                0x200000c4       0x60
 .data.impure_data
                0x200000c4       0x60 /Applications/microchip/xc32/v3.01/bin/bin/../../lib/gcc/pic32c/8.3.1/../../../../pic32c/lib/thumb/v6-m/nofp/libc_nano.a(lib_a-impure.o)

.bss.sercom0I2CObj%3
                0x20000124       0x2c
 .bss.sercom0I2CObj
                0x20000124       0x2c build/pic32cm_mc00_cnano/production/_ext/1087025796/plib_sercom0_i2c_master.o

.bss.__sf_fake_stderr%4
                0x20000150       0x20
 .bss.__sf_fake_stderr
                0x20000150       0x20 /Applications/microchip/xc32/v3.01/bin/bin/../../lib/gcc/pic32c/8.3.1/../../../../pic32c/lib/thumb/v6-m/nofp/libc_nano.a(lib_a-findfp.o)
                0x20000150                __sf_fake_stderr

.bss.__sf_fake_stdin%5
                0x20000170       0x20
 .bss.__sf_fake_stdin
                0x20000170       0x20 /Applications/microchip/xc32/v3.01/bin/bin/../../lib/gcc/pic32c/8.3.1/../../../../pic32c/lib/thumb/v6-m/nofp/libc_nano.a(lib_a-findfp.o)
                0x20000170                __sf_fake_stdin

.bss.__sf_fake_stdout%6
                0x20000190       0x20
 .bss.__sf_fake_stdout
                0x20000190       0x20 /Applications/microchip/xc32/v3.01/bin/bin/../../lib/gcc/pic32c/8.3.1/../../../../pic32c/lib/thumb/v6-m/nofp/libc_nano.a(lib_a-findfp.o)
                0x20000190                __sf_fake_stdout

.bss%7          0x200001b0       0x1c
 .bss           0x200001b0       0x1c /Applications/microchip/xc32/v3.01/bin/bin/../../lib/gcc/pic32c/8.3.1/thumb/v6-m/nofp/crtbegin.o

.bss._write_back_section%8
                0x200001d0       0x10
 .bss._write_back_section
                0x200001d0       0x10 build/pic32cm_mc00_cnano/production/_ext/786950436/plib_dmac.o

.bss.descriptor_section%9
                0x200001e0       0x10
 .bss.descriptor_section
                0x200001e0       0x10 build/pic32cm_mc00_cnano/production/_ext/786950436/plib_dmac.o

.bss.dmacChannelObj%10
                0x200001f0       0x10
 .bss.dmacChannelObj
                0x200001f0       0x10 build/pic32cm_mc00_cnano/production/_ext/786950436/plib_dmac.o

.bss%11         0x200001cc        0x4
 .bss           0x200001cc        0x4 /Applications/microchip/xc32/v3.01/bin/bin/../../lib/gcc/pic32c/8.3.1/../../../../pic32c/lib/thumb/v6-m/nofp/libpic32c.a(data_init.o)

.data._impure_ptr%12
                0x20000200        0x4
 .data._impure_ptr
                0x20000200        0x4 /Applications/microchip/xc32/v3.01/bin/bin/../../lib/gcc/pic32c/8.3.1/../../../../pic32c/lib/thumb/v6-m/nofp/libc_nano.a(lib_a-impure.o)
                0x20000200                _impure_ptr

.bss.__malloc_free_list%13
                0x20000204        0x4
 .bss.__malloc_free_list
                0x20000204        0x4 /Applications/microchip/xc32/v3.01/bin/bin/../../lib/gcc/pic32c/8.3.1/../../../../pic32c/lib/thumb/v6-m/nofp/libc_nano.a(lib_a-nano-mallocr.o)
                0x20000204                __malloc_free_list

.bss.__malloc_sbrk_start%14
                0x20000208        0x4
 .bss.__malloc_sbrk_start
                0x20000208        0x4 /Applications/microchip/xc32/v3.01/bin/bin/../../lib/gcc/pic32c/8.3.1/../../../../pic32c/lib/thumb/v6-m/nofp/libc_nano.a(lib_a-nano-mallocr.o)
                0x20000208                __malloc_sbrk_start

.bss%15         0x2000020c        0x4
 .bss           0x2000020c        0x4 /Applications/microchip/xc32/v3.01/bin/bin/../../lib/gcc/pic32c/8.3.1/../../../../pic32c/lib/thumb/v6-m/nofp/libpic32c.a(sbrk.o)

.data.isUSARTTxComplete%16
                0x20000210        0x1
 .data.isUSARTTxComplete
                0x20000210        0x1 build/pic32cm_mc00_cnano/production/_ext/1360937237/main.o

.data.__fdlib_version%17
                0x20000211        0x1
 .data.__fdlib_version
                0x20000211        0x1 /Applications/microchip/xc32/v3.01/bin/bin/../../lib/gcc/pic32c/8.3.1/../../../../pic32c/lib/thumb/v6-m/nofp/libm_nano.a(lib_a-s_lib_ver.o)
                0x20000211                __fdlib_version

.eh_frame%z1    0x00000000        0x0
 .eh_frame      0x00000000        0x0 /Applications/microchip/xc32/v3.01/bin/bin/../../lib/gcc/pic32c/8.3.1/thumb/v6-m/nofp/crtbegin.o

.config_00804000%18
                0x00804000        0x4
 .config_00804000
                0x00804000        0x4 build/pic32cm_mc00_cnano/production/_ext/612344269/initialization.o
                0x00804000                __config_00804000

.config_00804004%19
                0x00804004        0x4
 .config_00804004
                0x00804004        0x4 build/pic32cm_mc00_cnano/production/_ext/612344269/initialization.o
                0x00804004                __config_00804004

.text%20        0x000000cc     0x18bc
 .text          0x000000cc      0x734 /Applications/microchip/xc32/v3.01/bin/bin/../../lib/gcc/pic32c/8.3.1/thumb/v6-m/nofp/libgcc.a(subdf3.o)
                0x000000cc                __aeabi_dsub
 .text          0x00000800      0x6ec /Applications/microchip/xc32/v3.01/bin/bin/../../lib/gcc/pic32c/8.3.1/thumb/v6-m/nofp/libgcc.a(adddf3.o)
                0x00000800                __aeabi_dadd
 .text          0x00000eec      0x5b8 /Applications/microchip/xc32/v3.01/bin/bin/../../lib/gcc/pic32c/8.3.1/thumb/v6-m/nofp/libgcc.a(divdf3.o)
                0x00000eec                __aeabi_ddiv
 .text          0x000014a4      0x4e4 /Applications/microchip/xc32/v3.01/bin/bin/../../lib/gcc/pic32c/8.3.1/thumb/v6-m/nofp/libgcc.a(muldf3.o)
                0x000014a4                __aeabi_dmul

.text.SERCOM0_I2C_InterruptHandler%24
                0x00001988      0x1ac
 .text.SERCOM0_I2C_InterruptHandler
                0x00001988      0x1ac build/pic32cm_mc00_cnano/production/_ext/1087025796/plib_sercom0_i2c_master.o
                0x00001988                SERCOM0_I2C_InterruptHandler

.text.__ieee754_sqrt%25
                0x00001b34      0x168
 .text.__ieee754_sqrt
                0x00001b34      0x168 /Applications/microchip/xc32/v3.01/bin/bin/../../lib/gcc/pic32c/8.3.1/../../../../pic32c/lib/thumb/v6-m/nofp/libm_nano.a(lib_a-e_sqrt.o)
                0x00001b34                __ieee754_sqrt

.text.setvbuf%26
                0x00001c9c      0x158
 .text.setvbuf  0x00001c9c      0x158 /Applications/microchip/xc32/v3.01/bin/bin/../../lib/gcc/pic32c/8.3.1/../../../../pic32c/lib/thumb/v6-m/nofp/libc_nano.a(lib_a-setvbuf.o)
                0x00001c9c                setvbuf

.dinit%27       0x00001df4      0x150
 .dinit         0x00001df4      0x150 data_init

.text%28        0x00001f44      0x114
 .text          0x00001f44      0x114 /Applications/microchip/xc32/v3.01/bin/bin/../../lib/gcc/pic32c/8.3.1/thumb/v6-m/nofp/libgcc.a(_udivsi3.o)
                0x00001f44                __udivsi3
                0x00001f44                __aeabi_uidiv
                0x00002050                __aeabi_uidivmod

.text.__sflush_r%29
                0x00002058      0x114
 .text.__sflush_r
                0x00002058      0x114 /Applications/microchip/xc32/v3.01/bin/bin/../../lib/gcc/pic32c/8.3.1/../../../../pic32c/lib/thumb/v6-m/nofp/libc_nano.a(lib_a-fflush.o)
                0x00002058                __sflush_r

.text.main%30   0x0000216c      0x108
 .text.main     0x0000216c      0x108 build/pic32cm_mc00_cnano/production/_ext/1360937237/main.o
                0x0000216c                main

.text%31        0x00002274      0x1bc
 .text          0x00002274       0xe0 /Applications/microchip/xc32/v3.01/bin/bin/../../lib/gcc/pic32c/8.3.1/thumb/v6-m/nofp/libgcc.a(gedf2.o)
                0x00002274                __gtdf2
                0x00002274                __gedf2
 .text          0x00002354       0xdc /Applications/microchip/xc32/v3.01/bin/bin/../../lib/gcc/pic32c/8.3.1/thumb/v6-m/nofp/libgcc.a(ledf2.o)
                0x00002354                __ltdf2
                0x00002354                __ledf2

.text._malloc_r%33
                0x00002430       0xbc
 .text._malloc_r
                0x00002430       0xbc /Applications/microchip/xc32/v3.01/bin/bin/../../lib/gcc/pic32c/8.3.1/../../../../pic32c/lib/thumb/v6-m/nofp/libc_nano.a(lib_a-nano-mallocr.o)
                0x00002430                _malloc_r

.text.CLOCK_Initialize%34
                0x000024ec       0xa0
 .text.CLOCK_Initialize
                0x000024ec       0xa0 build/pic32cm_mc00_cnano/production/_ext/1373400509/plib_clock.o
                0x000024ec                CLOCK_Initialize

.text._free_r%35
                0x0000258c       0x94
 .text._free_r  0x0000258c       0x94 /Applications/microchip/xc32/v3.01/bin/bin/../../lib/gcc/pic32c/8.3.1/../../../../pic32c/lib/thumb/v6-m/nofp/libc_nano.a(lib_a-nano-freer.o)
                0x0000258c                _free_r

.text.__pic32c_data_initialization%36
                0x00002620       0x90
 .text.__pic32c_data_initialization
                0x00002620       0x90 /Applications/microchip/xc32/v3.01/bin/bin/../../lib/gcc/pic32c/8.3.1/../../../../pic32c/lib/thumb/v6-m/nofp/libpic32c.a(data_init.o)
                0x00002620                __pic32c_data_initialization

.text.EIC_Initialize%37
                0x000026b0       0x80
 .text.EIC_Initialize
                0x000026b0       0x80 build/pic32cm_mc00_cnano/production/_ext/113162670/plib_eic.o
                0x000026b0                EIC_Initialize

.text%38        0x00002730       0x80
 .text          0x00002730       0x80 /Applications/microchip/xc32/v3.01/bin/bin/../../lib/gcc/pic32c/8.3.1/thumb/v6-m/nofp/libgcc.a(eqdf2.o)
                0x00002730                __eqdf2
                0x00002730                __nedf2

.text.DMAC_InterruptHandler%39
                0x000027b0       0x7c
 .text.DMAC_InterruptHandler
                0x000027b0       0x7c build/pic32cm_mc00_cnano/production/_ext/786950436/plib_dmac.o
                0x000027b0                DMAC_InterruptHandler

.text%40        0x0000282c       0x7c
 .text          0x0000282c       0x7c /Applications/microchip/xc32/v3.01/bin/bin/../../lib/gcc/pic32c/8.3.1/thumb/v6-m/nofp/libgcc.a(_arm_cmpdf2.o)
                0x0000282c                __aeabi_cdrcmple
                0x0000283c                __aeabi_cdcmple
                0x0000283c                __aeabi_cdcmpeq
                0x0000284c                __aeabi_dcmpeq
                0x00002858                __aeabi_dcmplt
                0x0000286c                __aeabi_dcmple
                0x00002880                __aeabi_dcmpgt
                0x00002894                __aeabi_dcmpge

.text.__sfp%41  0x000028a8       0x7c
 .text.__sfp    0x000028a8       0x7c /Applications/microchip/xc32/v3.01/bin/bin/../../lib/gcc/pic32c/8.3.1/../../../../pic32c/lib/thumb/v6-m/nofp/libc_nano.a(lib_a-findfp.o)
                0x000028a8                __sfp

.text%42        0x00002924       0x78
 .text          0x00002924       0x78 /Applications/microchip/xc32/v3.01/bin/bin/../../lib/gcc/pic32c/8.3.1/thumb/v6-m/nofp/libgcc.a(floatsidf.o)
                0x00002924                __aeabi_i2d

.text.getAccelX%43
                0x0000299c       0x6a
 .text.getAccelX
                0x0000299c       0x6a build/pic32cm_mc00_cnano/production/_ext/1360937237/imu.o
                0x0000299c                getAccelX

.text.getAccelY%44
                0x00002a06       0x6a
 .text.getAccelY
                0x00002a06       0x6a build/pic32cm_mc00_cnano/production/_ext/1360937237/imu.o
                0x00002a06                getAccelY

.text.getAccelZ%45
                0x00002a70       0x6a
 .text.getAccelZ
                0x00002a70       0x6a build/pic32cm_mc00_cnano/production/_ext/1360937237/imu.o
                0x00002a70                getAccelZ

.text.__sinit%46
                0x00002adc       0x68
 .text.__sinit  0x00002adc       0x68 /Applications/microchip/xc32/v3.01/bin/bin/../../lib/gcc/pic32c/8.3.1/../../../../pic32c/lib/thumb/v6-m/nofp/libc_nano.a(lib_a-findfp.o)
                0x00002adc                __sinit

.text.SERCOM0_I2C_Initialize%47
                0x00002b44       0x60
 .text.SERCOM0_I2C_Initialize
                0x00002b44       0x60 build/pic32cm_mc00_cnano/production/_ext/1087025796/plib_sercom0_i2c_master.o
                0x00002b44                SERCOM0_I2C_Initialize

.text.sqrt%48   0x00002ba4       0x5c
 .text.sqrt     0x00002ba4       0x5c /Applications/microchip/xc32/v3.01/bin/bin/../../lib/gcc/pic32c/8.3.1/../../../../pic32c/lib/thumb/v6-m/nofp/libm_nano.a(lib_a-w_sqrt.o)
                0x00002ba4                sqrt

.text.DMAC_Initialize%49
                0x00002c00       0x58
 .text.DMAC_Initialize
                0x00002c00       0x58 build/pic32cm_mc00_cnano/production/_ext/786950436/plib_dmac.o
                0x00002c00                DMAC_Initialize

.text.SERCOM1_USART_Read%50
                0x00002c58       0x58
 .text.SERCOM1_USART_Read
                0x00002c58       0x58 build/pic32cm_mc00_cnano/production/_ext/1914244104/plib_sercom1_usart.o
                0x00002c58                SERCOM1_USART_Read

.text._fflush_r%51
                0x00002cb0       0x58
 .text._fflush_r
                0x00002cb0       0x58 /Applications/microchip/xc32/v3.01/bin/bin/../../lib/gcc/pic32c/8.3.1/../../../../pic32c/lib/thumb/v6-m/nofp/libc_nano.a(lib_a-fflush.o)
                0x00002cb0                _fflush_r

.text.SERCOM0_I2C_InitiateTransfer%52
                0x00002d08       0x54
 .text.SERCOM0_I2C_InitiateTransfer
                0x00002d08       0x54 build/pic32cm_mc00_cnano/production/_ext/1087025796/plib_sercom0_i2c_master.o

.text.setAccelParam%53
                0x00002d5c       0x54
 .text.setAccelParam
                0x00002d5c       0x54 build/pic32cm_mc00_cnano/production/_ext/1360937237/imu.o
                0x00002d5c                setAccelParam

.text.NVIC_Initialize%54
                0x00002db0       0x50
 .text.NVIC_Initialize
                0x00002db0       0x50 build/pic32cm_mc00_cnano/production/_ext/786643629/plib_nvic.o
                0x00002db0                NVIC_Initialize

.text.__swhatbuf_r%55
                0x00002e00       0x50
 .text.__swhatbuf_r
                0x00002e00       0x50 /Applications/microchip/xc32/v3.01/bin/bin/../../lib/gcc/pic32c/8.3.1/../../../../pic32c/lib/thumb/v6-m/nofp/libc_nano.a(lib_a-makebuf.o)
                0x00002e00                __swhatbuf_r

.text.SYS_Initialize%56
                0x00002e50       0x4c
 .text.SYS_Initialize
                0x00002e50       0x4c build/pic32cm_mc00_cnano/production/_ext/612344269/initialization.o
                0x00002e50                SYS_Initialize

.text%57        0x00002e9c       0x48
 .text          0x00002e9c       0x48 /Applications/microchip/xc32/v3.01/bin/bin/../../lib/gcc/pic32c/8.3.1/thumb/v6-m/nofp/crtbegin.o

.text.EIC_InterruptHandler%58
                0x00002ee4       0x48
 .text.EIC_InterruptHandler
                0x00002ee4       0x48 build/pic32cm_mc00_cnano/production/_ext/113162670/plib_eic.o
                0x00002ee4                EIC_InterruptHandler

.text.Reset_Handler%59
                0x00002f2c       0x48
 .text.Reset_Handler
                0x00002f2c       0x48 build/pic32cm_mc00_cnano/production/_ext/612344269/startup_xc32.o
                0x00002f2c                Reset_Handler

.text.__libc_init_array%60
                0x00002f74       0x48
 .text.__libc_init_array
                0x00002f74       0x48 /Applications/microchip/xc32/v3.01/bin/bin/../../lib/gcc/pic32c/8.3.1/../../../../pic32c/lib/thumb/v6-m/nofp/libc_nano.a(lib_a-init.o)
                0x00002f74                __libc_init_array

.text.std%61    0x00002fbc       0x48
 .text.std      0x00002fbc       0x48 /Applications/microchip/xc32/v3.01/bin/bin/../../lib/gcc/pic32c/8.3.1/../../../../pic32c/lib/thumb/v6-m/nofp/libc_nano.a(lib_a-findfp.o)

.text.SERCOM1_USART_Write%62
                0x00003004       0x44
 .text.SERCOM1_USART_Write
                0x00003004       0x44 build/pic32cm_mc00_cnano/production/_ext/1914244104/plib_sercom1_usart.o
                0x00003004                SERCOM1_USART_Write

.text._fwalk_reent%63
                0x00003048       0x42
 .text._fwalk_reent
                0x00003048       0x42 /Applications/microchip/xc32/v3.01/bin/bin/../../lib/gcc/pic32c/8.3.1/../../../../pic32c/lib/thumb/v6-m/nofp/libc_nano.a(lib_a-fwalk.o)
                0x00003048                _fwalk_reent

.rodata%64      0x0000308c       0x80
 .rodata        0x0000308c       0x40 /Applications/microchip/xc32/v3.01/bin/bin/../../lib/gcc/pic32c/8.3.1/thumb/v6-m/nofp/libgcc.a(muldf3.o)
 .rodata        0x000030cc       0x40 /Applications/microchip/xc32/v3.01/bin/bin/../../lib/gcc/pic32c/8.3.1/thumb/v6-m/nofp/libgcc.a(divdf3.o)

.text%66        0x0000310c       0x3c
 .text          0x0000310c       0x3c /Applications/microchip/xc32/v3.01/bin/bin/../../lib/gcc/pic32c/8.3.1/thumb/v6-m/nofp/libgcc.a(_clzsi2.o)
                0x0000310c                __clzsi2

.text.write%67  0x00003148       0x3c
 .text.write    0x00003148       0x3c /Applications/microchip/xc32/v3.01/bin/bin/../../lib/gcc/pic32c/8.3.1/../../../../pic32c/lib/thumb/v6-m/nofp/libpic32c.a(write.o)
                0x00003148                write

.text.SERCOM0_I2C_WriteRead%68
                0x00003184       0x38
 .text.SERCOM0_I2C_WriteRead
                0x00003184       0x38 build/pic32cm_mc00_cnano/production/_ext/1087025796/plib_sercom0_i2c_master.o
                0x00003184                SERCOM0_I2C_WriteRead

.text.SERCOM1_USART_Initialize%69
                0x000031bc       0x38
 .text.SERCOM1_USART_Initialize
                0x000031bc       0x38 build/pic32cm_mc00_cnano/production/_ext/1914244104/plib_sercom1_usart.o
                0x000031bc                SERCOM1_USART_Initialize

.text.__swrite%70
                0x000031f4       0x38
 .text.__swrite
                0x000031f4       0x38 /Applications/microchip/xc32/v3.01/bin/bin/../../lib/gcc/pic32c/8.3.1/../../../../pic32c/lib/thumb/v6-m/nofp/libc_nano.a(lib_a-stdio.o)
                0x000031f4                __swrite

.text%71        0x0000322c       0x38
 .text          0x0000322c       0x38 /Applications/microchip/xc32/v3.01/bin/bin/../../lib/gcc/pic32c/8.3.1/thumb/v6-m/nofp/libgcc.a(unorddf2.o)
                0x0000322c                __aeabi_dcmpun

.text.PORT_Initialize%72
                0x00003264       0x34
 .text.PORT_Initialize
                0x00003264       0x34 build/pic32cm_mc00_cnano/production/_ext/786590478/plib_port.o
                0x00003264                PORT_Initialize

.text.SERCOM0_I2C_Write%73
                0x00003298       0x34
 .text.SERCOM0_I2C_Write
                0x00003298       0x34 build/pic32cm_mc00_cnano/production/_ext/1087025796/plib_sercom0_i2c_master.o
                0x00003298                SERCOM0_I2C_Write

.text._sbrk%74  0x000032cc       0x30
 .text._sbrk    0x000032cc       0x30 /Applications/microchip/xc32/v3.01/bin/bin/../../lib/gcc/pic32c/8.3.1/../../../../pic32c/lib/thumb/v6-m/nofp/libpic32c.a(sbrk.o)
                0x000032cc                _sbrk

.text.SERCOM1_USART_ErrorClear%75
                0x000032fc       0x2c
 .text.SERCOM1_USART_ErrorClear
                0x000032fc       0x2c build/pic32cm_mc00_cnano/production/_ext/1914244104/plib_sercom1_usart.o

.text.__sfmoreglue%76
                0x00003328       0x2c
 .text.__sfmoreglue
                0x00003328       0x2c /Applications/microchip/xc32/v3.01/bin/bin/../../lib/gcc/pic32c/8.3.1/../../../../pic32c/lib/thumb/v6-m/nofp/libc_nano.a(lib_a-findfp.o)
                0x00003328                __sfmoreglue

.text.__sseek%77
                0x00003354       0x2c
 .text.__sseek  0x00003354       0x2c /Applications/microchip/xc32/v3.01/bin/bin/../../lib/gcc/pic32c/8.3.1/../../../../pic32c/lib/thumb/v6-m/nofp/libc_nano.a(lib_a-stdio.o)
                0x00003354                __sseek

.text.read%78   0x00003380       0x2c
 .text.read     0x00003380       0x2c /Applications/microchip/xc32/v3.01/bin/bin/../../lib/gcc/pic32c/8.3.1/../../../../pic32c/lib/thumb/v6-m/nofp/libpic32c.a(read.o)
                0x00003380                read

.text.SERCOM0_I2C_IsBusy%79
                0x000033ac       0x28
 .text.SERCOM0_I2C_IsBusy
                0x000033ac       0x28 build/pic32cm_mc00_cnano/production/_ext/1087025796/plib_sercom0_i2c_master.o
                0x000033ac                SERCOM0_I2C_IsBusy

.text.__sread%80
                0x000033d4       0x28
 .text.__sread  0x000033d4       0x28 /Applications/microchip/xc32/v3.01/bin/bin/../../lib/gcc/pic32c/8.3.1/../../../../pic32c/lib/thumb/v6-m/nofp/libc_nano.a(lib_a-stdio.o)
                0x000033d4                __sread

.text._write_r%81
                0x000033fc       0x28
 .text._write_r
                0x000033fc       0x28 /Applications/microchip/xc32/v3.01/bin/bin/../../lib/gcc/pic32c/8.3.1/../../../../pic32c/lib/thumb/v6-m/nofp/libc_nano.a(lib_a-writer.o)
                0x000033fc                _write_r

.text._lseek_r%82
                0x00003424       0x28
 .text._lseek_r
                0x00003424       0x28 /Applications/microchip/xc32/v3.01/bin/bin/../../lib/gcc/pic32c/8.3.1/../../../../pic32c/lib/thumb/v6-m/nofp/libc_nano.a(lib_a-lseekr.o)
                0x00003424                _lseek_r

.text._read_r%83
                0x0000344c       0x28
 .text._read_r  0x0000344c       0x28 /Applications/microchip/xc32/v3.01/bin/bin/../../lib/gcc/pic32c/8.3.1/../../../../pic32c/lib/thumb/v6-m/nofp/libc_nano.a(lib_a-readr.o)
                0x0000344c                _read_r

.text._sbrk_r%84
                0x00003474       0x24
 .text._sbrk_r  0x00003474       0x24 /Applications/microchip/xc32/v3.01/bin/bin/../../lib/gcc/pic32c/8.3.1/../../../../pic32c/lib/thumb/v6-m/nofp/libc_nano.a(lib_a-sbrkr.o)
                0x00003474                _sbrk_r

.text._close_r%85
                0x00003498       0x24
 .text._close_r
                0x00003498       0x24 /Applications/microchip/xc32/v3.01/bin/bin/../../lib/gcc/pic32c/8.3.1/../../../../pic32c/lib/thumb/v6-m/nofp/libc_nano.a(lib_a-closer.o)
                0x00003498                _close_r

.text._fstat_r%86
                0x000034bc       0x24
 .text._fstat_r
                0x000034bc       0x24 /Applications/microchip/xc32/v3.01/bin/bin/../../lib/gcc/pic32c/8.3.1/../../../../pic32c/lib/thumb/v6-m/nofp/libc_nano.a(lib_a-fstatr.o)
                0x000034bc                _fstat_r

.text._mon_getc%87
                0x000034e0       0x1a
 .text._mon_getc
                0x000034e0       0x1a build/pic32cm_mc00_cnano/production/_ext/127854535/xc32_monitor.o
                0x000034e0                _mon_getc

.text._mon_putc%88
                0x000034fa       0x1a
 .text._mon_putc
                0x000034fa       0x1a build/pic32cm_mc00_cnano/production/_ext/127854535/xc32_monitor.o
                0x000034fa                _mon_putc

.text.usartDmaChannelHandler%89
                0x00003514       0x14
 .text.usartDmaChannelHandler
                0x00003514       0x14 build/pic32cm_mc00_cnano/production/_ext/1360937237/main.o

.rodata%90      0x00003528       0x14
 .rodata        0x00003528       0x14 build/pic32cm_mc00_cnano/production/_ext/1360937237/main.o

.text.malloc%91
                0x0000353c       0x14
 .text.malloc   0x0000353c       0x14 /Applications/microchip/xc32/v3.01/bin/bin/../../lib/gcc/pic32c/8.3.1/../../../../pic32c/lib/thumb/v6-m/nofp/libc_nano.a(lib_a-malloc.o)
                0x0000353c                malloc

.text.setbuf%92